Archive member included to satisfy reference by file (symbol)

c:/program files/stm32cubeide_1.7.0/stm32cubeide/plugins/com.st.stm32cube.ide.mcu.externaltools.gnu-tools-for-stm32.10.3-2021.10.win32_1.0.100.202210260954/tools/bin/../lib/gcc/arm-none-eabi/10.3.1/../../../../arm-none-eabi/lib/thumb/v7e-m+fp/hard\libc_nano.a(lib_a-errno.o)
                              ./Core/Src/syscalls.o (__errno)
c:/program files/stm32cubeide_1.7.0/stm32cubeide/plugins/com.st.stm32cube.ide.mcu.externaltools.gnu-tools-for-stm32.10.3-2021.10.win32_1.0.100.202210260954/tools/bin/../lib/gcc/arm-none-eabi/10.3.1/../../../../arm-none-eabi/lib/thumb/v7e-m+fp/hard\libc_nano.a(lib_a-exit.o)
                              c:/program files/stm32cubeide_1.7.0/stm32cubeide/plugins/com.st.stm32cube.ide.mcu.externaltools.gnu-tools-for-stm32.10.3-2021.10.win32_1.0.100.202210260954/tools/bin/../lib/gcc/arm-none-eabi/10.3.1/../../../../arm-none-eabi/lib/thumb/v7e-m+fp/hard/crt0.o (exit)
c:/program files/stm32cubeide_1.7.0/stm32cubeide/plugins/com.st.stm32cube.ide.mcu.externaltools.gnu-tools-for-stm32.10.3-2021.10.win32_1.0.100.202210260954/tools/bin/../lib/gcc/arm-none-eabi/10.3.1/../../../../arm-none-eabi/lib/thumb/v7e-m+fp/hard\libc_nano.a(lib_a-findfp.o)
                              ./Middlewares/Third_Party/FreeRTOS/Source/tasks.o (__sf_fake_stderr)
c:/program files/stm32cubeide_1.7.0/stm32cubeide/plugins/com.st.stm32cube.ide.mcu.externaltools.gnu-tools-for-stm32.10.3-2021.10.win32_1.0.100.202210260954/tools/bin/../lib/gcc/arm-none-eabi/10.3.1/../../../../arm-none-eabi/lib/thumb/v7e-m+fp/hard\libc_nano.a(lib_a-fwalk.o)
                              c:/program files/stm32cubeide_1.7.0/stm32cubeide/plugins/com.st.stm32cube.ide.mcu.externaltools.gnu-tools-for-stm32.10.3-2021.10.win32_1.0.100.202210260954/tools/bin/../lib/gcc/arm-none-eabi/10.3.1/../../../../arm-none-eabi/lib/thumb/v7e-m+fp/hard\libc_nano.a(lib_a-findfp.o) (_fwalk)
c:/program files/stm32cubeide_1.7.0/stm32cubeide/plugins/com.st.stm32cube.ide.mcu.externaltools.gnu-tools-for-stm32.10.3-2021.10.win32_1.0.100.202210260954/tools/bin/../lib/gcc/arm-none-eabi/10.3.1/../../../../arm-none-eabi/lib/thumb/v7e-m+fp/hard\libc_nano.a(lib_a-impure.o)
                              c:/program files/stm32cubeide_1.7.0/stm32cubeide/plugins/com.st.stm32cube.ide.mcu.externaltools.gnu-tools-for-stm32.10.3-2021.10.win32_1.0.100.202210260954/tools/bin/../lib/gcc/arm-none-eabi/10.3.1/../../../../arm-none-eabi/lib/thumb/v7e-m+fp/hard\libc_nano.a(lib_a-exit.o) (_global_impure_ptr)
c:/program files/stm32cubeide_1.7.0/stm32cubeide/plugins/com.st.stm32cube.ide.mcu.externaltools.gnu-tools-for-stm32.10.3-2021.10.win32_1.0.100.202210260954/tools/bin/../lib/gcc/arm-none-eabi/10.3.1/../../../../arm-none-eabi/lib/thumb/v7e-m+fp/hard\libc_nano.a(lib_a-init.o)
                              c:/program files/stm32cubeide_1.7.0/stm32cubeide/plugins/com.st.stm32cube.ide.mcu.externaltools.gnu-tools-for-stm32.10.3-2021.10.win32_1.0.100.202210260954/tools/bin/../lib/gcc/arm-none-eabi/10.3.1/../../../../arm-none-eabi/lib/thumb/v7e-m+fp/hard/crt0.o (__libc_init_array)
c:/program files/stm32cubeide_1.7.0/stm32cubeide/plugins/com.st.stm32cube.ide.mcu.externaltools.gnu-tools-for-stm32.10.3-2021.10.win32_1.0.100.202210260954/tools/bin/../lib/gcc/arm-none-eabi/10.3.1/../../../../arm-none-eabi/lib/thumb/v7e-m+fp/hard\libc_nano.a(lib_a-lock.o)
                              c:/program files/stm32cubeide_1.7.0/stm32cubeide/plugins/com.st.stm32cube.ide.mcu.externaltools.gnu-tools-for-stm32.10.3-2021.10.win32_1.0.100.202210260954/tools/bin/../lib/gcc/arm-none-eabi/10.3.1/../../../../arm-none-eabi/lib/thumb/v7e-m+fp/hard\libc_nano.a(lib_a-findfp.o) (__retarget_lock_init_recursive)
c:/program files/stm32cubeide_1.7.0/stm32cubeide/plugins/com.st.stm32cube.ide.mcu.externaltools.gnu-tools-for-stm32.10.3-2021.10.win32_1.0.100.202210260954/tools/bin/../lib/gcc/arm-none-eabi/10.3.1/../../../../arm-none-eabi/lib/thumb/v7e-m+fp/hard\libc_nano.a(lib_a-memcpy-stub.o)
                              ./Middlewares/Third_Party/FreeRTOS/Source/CMSIS_RTOS_V2/cmsis_os2.o (memcpy)
c:/program files/stm32cubeide_1.7.0/stm32cubeide/plugins/com.st.stm32cube.ide.mcu.externaltools.gnu-tools-for-stm32.10.3-2021.10.win32_1.0.100.202210260954/tools/bin/../lib/gcc/arm-none-eabi/10.3.1/../../../../arm-none-eabi/lib/thumb/v7e-m+fp/hard\libc_nano.a(lib_a-memset.o)
                              c:/program files/stm32cubeide_1.7.0/stm32cubeide/plugins/com.st.stm32cube.ide.mcu.externaltools.gnu-tools-for-stm32.10.3-2021.10.win32_1.0.100.202210260954/tools/bin/../lib/gcc/arm-none-eabi/10.3.1/../../../../arm-none-eabi/lib/thumb/v7e-m+fp/hard/crt0.o (memset)
c:/program files/stm32cubeide_1.7.0/stm32cubeide/plugins/com.st.stm32cube.ide.mcu.externaltools.gnu-tools-for-stm32.10.3-2021.10.win32_1.0.100.202210260954/tools/bin/../lib/gcc/arm-none-eabi/10.3.1/../../../../arm-none-eabi/lib/thumb/v7e-m+fp/hard\libc_nano.a(lib_a-nano-mallocr.o)
[...]
Memory Configuration

Name             Origin             Length             Attributes
RAM              0x0000000020000000 0x0000000000020000 xrw
FLASH            0x0000000008000000 0x0000000000080000 xr
*default*        0x0000000000000000 0xffffffffffffffff

Linker script and memory map

LOAD c:/program files/stm32cubeide_1.7.0/stm32cubeide/plugins/com.st.stm32cube.ide.mcu.externaltools.gnu-tools-for-stm32.10.3-2021.10.win32_1.0.100.202210260954/tools/bin/../lib/gcc/arm-none-eabi/10.3.1/thumb/v7e-m+fp/hard/crti.o
LOAD c:/program files/stm32cubeide_1.7.0/stm32cubeide/plugins/com.st.stm32cube.ide.mcu.externaltools.gnu-tools-for-stm32.10.3-2021.10.win32_1.0.100.202210260954/tools/bin/../lib/gcc/arm-none-eabi/10.3.1/thumb/v7e-m+fp/hard/crtbegin.o
LOAD c:/program files/stm32cubeide_1.7.0/stm32cubeide/plugins/com.st.stm32cube.ide.mcu.externaltools.gnu-tools-for-stm32.10.3-2021.10.win32_1.0.100.202210260954/tools/bin/../lib/gcc/arm-none-eabi/10.3.1/../../../../arm-none-eabi/lib/thumb/v7e-m+fp/hard/crt0.o
LOAD ./Core/Src/dma.o
LOAD ./Core/Src/freertos.o
LOAD ./Core/Src/gpio.o
LOAD ./Core/Src/main.o
LOAD ./Core/Src/stm32f4xx_hal_msp.o
LOAD ./Core/Src/stm32f4xx_hal_timebase_tim.o
LOAD ./Core/Src/stm32f4xx_it.o
LOAD ./Core/Src/syscalls.o
LOAD ./Core/Src/sysmem.o
LOAD ./Core/Src/system_stm32f4xx.o
LOAD ./Core/Src/tim.o
LOAD ./Core/Src/usart.o
LOAD ./Core/Startup/startup_stm32f446retx.o
LOAD ./Core/application/BuzzerTask.o
LOAD ./Core/application/DefTask.o
LOAD ./Core/application/Myapp.o
LOAD ./Core/application/print_server.o
LOAD ./Drivers/STM32F4xx_HAL_Driver/Src/stm32f4xx_hal.o
LOAD ./Drivers/STM32F4xx_HAL_Driver/Src/stm32f4xx_hal_cortex.o
LOAD ./Drivers/STM32F4xx_HAL_Driver/Src/stm32f4xx_hal_dma.o
LOAD ./Drivers/STM32F4xx_HAL_Driver/Src/stm32f4xx_hal_dma_ex.o
LOAD ./Drivers/STM32F4xx_HAL_Driver/Src/stm32f4xx_hal_exti.o
LOAD ./Drivers/STM32F4xx_HAL_Driver/Src/stm32f4xx_hal_flash.o
LOAD ./Drivers/STM32F4xx_HAL_Driver/Src/stm32f4xx_hal_flash_ex.o
LOAD ./Drivers/STM32F4xx_HAL_Driver/Src/stm32f4xx_hal_flash_ramfunc.o
LOAD ./Drivers/STM32F4xx_HAL_Driver/Src/stm32f4xx_hal_gpio.o
LOAD ./Drivers/STM32F4xx_HAL_Driver/Src/stm32f4xx_hal_pwr.o
LOAD ./Drivers/STM32F4xx_HAL_Driver/Src/stm32f4xx_hal_pwr_ex.o
LOAD ./Drivers/STM32F4xx_HAL_Driver/Src/stm32f4xx_hal_rcc.o
LOAD ./Drivers/STM32F4xx_HAL_Driver/Src/stm32f4xx_hal_rcc_ex.o
LOAD ./Drivers/STM32F4xx_HAL_Driver/Src/stm32f4xx_hal_tim.o
LOAD ./Drivers/STM32F4xx_HAL_Driver/Src/stm32f4xx_hal_tim_ex.o
LOAD ./Drivers/STM32F4xx_HAL_Driver/Src/stm32f4xx_hal_uart.o
LOAD ./Middlewares/Third_Party/FreeRTOS/Source/CMSIS_RTOS_V2/cmsis_os2.o
LOAD ./Middlewares/Third_Party/FreeRTOS/Source/croutine.o
LOAD ./Middlewares/Third_Party/FreeRTOS/Source/event_groups.o
LOAD ./Middlewares/Third_Party/FreeRTOS/Source/list.o
LOAD ./Middlewares/Third_Party/FreeRTOS/Source/queue.o
LOAD ./Middlewares/Third_Party/FreeRTOS/Source/stream_buffer.o
LOAD ./Middlewares/Third_Party/FreeRTOS/Source/tasks.o
LOAD ./Middlewares/Third_Party/FreeRTOS/Source/timers.o
LOAD ./Middlewares/Third_Party/FreeRTOS/Source/portable/GCC/ARM_CM4F/port.o
LOAD ./Middlewares/Third_Party/FreeRTOS/Source/portable/MemMang/heap_4.o
START GROUP
LOAD c:/program files/stm32cubeide_1.7.0/stm32cubeide/plugins/com.st.stm32cube.ide.mcu.externaltools.gnu-tools-for-stm32.10.3-2021.10.win32_1.0.100.202210260954/tools/bin/../lib/gcc/arm-none-eabi/10.3.1/../../../../arm-none-eabi/lib/thumb/v7e-m+fp/hard\libc_nano.a
LOAD c:/program files/stm32cubeide_1.7.0/stm32cubeide/plugins/com.st.stm32cube.ide.mcu.externaltools.gnu-tools-for-stm32.10.3-2021.10.win32_1.0.100.202210260954/tools/bin/../lib/gcc/arm-none-eabi/10.3.1/../../../../arm-none-eabi/lib/thumb/v7e-m+fp/hard\libm.a
END GROUP
START GROUP
LOAD c:/program files/stm32cubeide_1.7.0/stm32cubeide/plugins/com.st.stm32cube.ide.mcu.externaltools.gnu-tools-for-stm32.10.3-2021.10.win32_1.0.100.202210260954/tools/bin/../lib/gcc/arm-none-eabi/10.3.1/thumb/v7e-m+fp/hard\libgcc.a
LOAD c:/program files/stm32cubeide_1.7.0/stm32cubeide/plugins/com.st.stm32cube.ide.mcu.externaltools.gnu-tools-for-stm32.10.3-2021.10.win32_1.0.100.202210260954/tools/bin/../lib/gcc/arm-none-eabi/10.3.1/../../../../arm-none-eabi/lib/thumb/v7e-m+fp/hard\libc_nano.a
END GROUP
START GROUP
LOAD c:/program files/stm32cubeide_1.7.0/stm32cubeide/plugins/com.st.stm32cube.ide.mcu.externaltools.gnu-tools-for-stm32.10.3-2021.10.win32_1.0.100.202210260954/tools/bin/../lib/gcc/arm-none-eabi/10.3.1/thumb/v7e-m+fp/hard\libgcc.a
LOAD c:/program files/stm32cubeide_1.7.0/stm32cubeide/plugins/com.st.stm32cube.ide.mcu.externaltools.gnu-tools-for-stm32.10.3-2021.10.win32_1.0.100.202210260954/tools/bin/../lib/gcc/arm-none-eabi/10.3.1/../../../../arm-none-eabi/lib/thumb/v7e-m+fp/hard\libc_nano.a
LOAD c:/program files/stm32cubeide_1.7.0/stm32cubeide/plugins/com.st.stm32cube.ide.mcu.externaltools.gnu-tools-for-stm32.10.3-2021.10.win32_1.0.100.202210260954/tools/bin/../lib/gcc/arm-none-eabi/10.3.1/../../../../arm-none-eabi/lib/thumb/v7e-m+fp/hard\libnosys.a
END GROUP
START GROUP
LOAD c:/program files/stm32cubeide_1.7.0/stm32cubeide/plugins/com.st.stm32cube.ide.mcu.externaltools.gnu-tools-for-stm32.10.3-2021.10.win32_1.0.100.202210260954/tools/bin/../lib/gcc/arm-none-eabi/10.3.1/thumb/v7e-m+fp/hard\libgcc.a
LOAD c:/program files/stm32cubeide_1.7.0/stm32cubeide/plugins/com.st.stm32cube.ide.mcu.externaltools.gnu-tools-for-stm32.10.3-2021.10.win32_1.0.100.202210260954/tools/bin/../lib/gcc/arm-none-eabi/10.3.1/../../../../arm-none-eabi/lib/thumb/v7e-m+fp/hard\libc_nano.a
LOAD c:/program files/stm32cubeide_1.7.0/stm32cubeide/plugins/com.st.stm32cube.ide.mcu.externaltools.gnu-tools-for-stm32.10.3-2021.10.win32_1.0.100.202210260954/tools/bin/../lib/gcc/arm-none-eabi/10.3.1/../../../../arm-none-eabi/lib/thumb/v7e-m+fp/hard\libnosys.a
END GROUP
LOAD c:/program files/stm32cubeide_1.7.0/stm32cubeide/plugins/com.st.stm32cube.ide.mcu.externaltools.gnu-tools-for-stm32.10.3-2021.10.win32_1.0.100.202210260954/tools/bin/../lib/gcc/arm-none-eabi/10.3.1/thumb/v7e-m+fp/hard/crtend.o
LOAD c:/program files/stm32cubeide_1.7.0/stm32cubeide/plugins/com.st.stm32cube.ide.mcu.externaltools.gnu-tools-for-stm32.10.3-2021.10.win32_1.0.100.202210260954/tools/bin/../lib/gcc/arm-none-eabi/10.3.1/thumb/v7e-m+fp/hard/crtn.o
                0x0000000020020000                _estack = (ORIGIN (RAM) + LENGTH (RAM))
                0x0000000000000200                _Min_Heap_Size = 0x200
                0x0000000000000400                _Min_Stack_Size = 0x400

.isr_vector     0x0000000008000000      0x1c4
                0x0000000008000000                . = ALIGN (0x4)
 *(.isr_vector)
 .isr_vector    0x0000000008000000      0x1c4 ./Core/Startup/startup_stm32f446retx.o
                0x0000000008000000                g_pfnVectors
                0x00000000080001c4                . = ALIGN (0x4)

.text           0x00000000080001d0     0xb02c
                0x00000000080001d0                . = ALIGN (0x4)
 *(.text)
 .text          0x00000000080001d0       0x40 c:/program files/stm32cubeide_1.7.0/stm32cubeide/plugins/com.st.stm32cube.ide.mcu.externaltools.gnu-tools-for-stm32.10.3-2021.10.win32_1.0.100.202210260954/tools/bin/../lib/gcc/arm-none-eabi/10.3.1/thumb/v7e-m+fp/hard/crtbegin.o
 .text          0x0000000008000210       0x10 c:/program files/stm32cubeide_1.7.0/stm32cubeide/plugins/com.st.stm32cube.ide.mcu.externaltools.gnu-tools-for-stm32.10.3-2021.10.win32_1.0.100.202210260954/tools/bin/../lib/gcc/arm-none-eabi/10.3.1/../../../../arm-none-eabi/lib/thumb/v7e-m+fp/hard\libc_nano.a(lib_a-strlen.o)
                0x0000000008000210                strlen
 .text          0x0000000008000220       0xa0 c:/program files/stm32cubeide_1.7.0/stm32cubeide/plugins/com.st.stm32cube.ide.mcu.externaltools.gnu-tools-for-stm32.10.3-2021.10.win32_1.0.100.202210260954/tools/bin/../lib/gcc/arm-none-eabi/10.3.1/../../../../arm-none-eabi/lib/thumb/v7e-m+fp/hard\libc_nano.a(lib_a-memchr.o)
                0x0000000008000220                memchr
 .text          0x00000000080002c0      0x378 c:/program files/stm32cubeide_1.7.0/stm32cubeide/plugins/com.st.stm32cube.ide.mcu.externaltools.gnu-tools-for-stm32.10.3-2021.10.win32_1.0.100.202210260954/tools/bin/../lib/gcc/arm-none-eabi/10.3.1/thumb/v7e-m+fp/hard\libgcc.a(_arm_addsubdf3.o)
                0x00000000080002c0                __aeabi_drsub
                0x00000000080002c8                __aeabi_dsub
                0x00000000080002c8                __subdf3
                0x00000000080002cc                __aeabi_dadd
                0x00000000080002cc                __adddf3
                0x0000000008000544                __floatunsidf
                0x0000000008000544                __aeabi_ui2d
                0x0000000008000564                __floatsidf
                0x0000000008000564                __aeabi_i2d
                0x0000000008000588                __aeabi_f2d
                0x0000000008000588                __extendsfdf2
                0x00000000080005cc                __floatundidf
                0x00000000080005cc                __aeabi_ul2d
                0x00000000080005dc                __floatdidf
                0x00000000080005dc                __aeabi_l2d
 .text          0x0000000008000638      0x424 c:/program files/stm32cubeide_1.7.0/stm32cubeide/plugins/com.st.stm32cube.ide.mcu.externaltools.gnu-tools-for-stm32.10.3-2021.10.win32_1.0.100.202210260954/tools/bin/../lib/gcc/arm-none-eabi/10.3.1/thumb/v7e-m+fp/hard\libgcc.a(_arm_muldivdf3.o)
                0x0000000008000638                __aeabi_dmul
                0x0000000008000638                __muldf3
                0x000000000800088c                __divdf3
                0x000000000800088c                __aeabi_ddiv
 .text          0x0000000008000a5c       0x50 c:/program files/stm32cubeide_1.7.0/stm32cubeide/plugins/com.st.stm32cube.ide.mcu.externaltools.gnu-tools-for-stm32.10.3-2021.10.win32_1.0.100.202210260954/tools/bin/../lib/gcc/arm-none-eabi/10.3.1/thumb/v7e-m+fp/hard\libgcc.a(_arm_fixdfsi.o)
                0x0000000008000a5c                __aeabi_d2iz
                0x0000000008000a5c                __fixdfsi
 .text          0x0000000008000aac       0x30 c:/program files/stm32cubeide_1.7.0/stm32cubeide/plugins/com.st.stm32cube.ide.mcu.externaltools.gnu-tools-for-stm32.10.3-2021.10.win32_1.0.100.202210260954/tools/bin/../lib/gcc/arm-none-eabi/10.3.1/thumb/v7e-m+fp/hard\libgcc.a(_aeabi_uldivmod.o)
                0x0000000008000aac                __aeabi_uldivmod
 .text          0x0000000008000adc      0x2d0 c:/program files/stm32cubeide_1.7.0/stm32cubeide/plugins/com.st.stm32cube.ide.mcu.externaltools.gnu-tools-for-stm32.10.3-2021.10.win32_1.0.100.202210260954/tools/bin/../lib/gcc/arm-none-eabi/10.3.1/thumb/v7e-m+fp/hard\libgcc.a(_udivmoddi4.o)
                0x0000000008000adc                __udivmoddi4
 .text          0x0000000008000dac        0x4 c:/program files/stm32cubeide_1.7.0/stm32cubeide/plugins/com.st.stm32cube.ide.mcu.externaltools.gnu-tools-for-stm32.10.3-2021.10.win32_1.0.100.202210260954/tools/bin/../lib/gcc/arm-none-eabi/10.3.1/thumb/v7e-m+fp/hard\libgcc.a(_dvmd_tls.o)
                0x0000000008000dac                __aeabi_idiv0
                0x0000000008000dac                __aeabi_ldiv0
 *(.text*)
 .text.MX_DMA_Init
                0x0000000008000db0       0x40 ./Core/Src/dma.o
                0x0000000008000db0                MX_DMA_Init
 .text.MX_FREERTOS_Init
                0x0000000008000df0       0x30 ./Core/Src/freertos.o
                0x0000000008000df0                MX_FREERTOS_Init
 .text.StartDefaultTask
                0x0000000008000e20       0x10 ./Core/Src/freertos.o
                0x0000000008000e20                StartDefaultTask
 .text.MX_GPIO_Init
                0x0000000008000e30       0xec ./Core/Src/gpio.o
                0x0000000008000e30                MX_GPIO_Init
 .text.main     0x0000000008000f1c       0x36 ./Core/Src/main.o
                0x0000000008000f1c                main
 *fill*         0x0000000008000f52        0x2 
 .text.SystemClock_Config
                0x0000000008000f54       0xe4 ./Core/Src/main.o
                0x0000000008000f54                SystemClock_Config
 .text.HAL_TIM_IC_CaptureCallback
                0x0000000008001038       0x48 ./Core/Src/main.o
                0x0000000008001038                HAL_TIM_IC_CaptureCallback
 .text.HAL_TIM_PeriodElapsedCallback
                0x0000000008001080       0xb4 ./Core/Src/main.o
                0x0000000008001080                HAL_TIM_PeriodElapsedCallback
 .text.Error_Handler
                0x0000000008001134        0xa ./Core/Src/main.o
                0x0000000008001134                Error_Handler
 *fill*         0x000000000800113e        0x2 
 .text.HAL_MspInit
                0x0000000008001140       0x58 ./Core/Src/stm32f4xx_hal_msp.o
                0x0000000008001140                HAL_MspInit
 .text.HAL_InitTick
                0x0000000008001198       0xf8 ./Core/Src/stm32f4xx_hal_timebase_tim.o
                0x0000000008001198                HAL_InitTick
 .text.NMI_Handler
                0x0000000008001290        0x6 ./Core/Src/stm32f4xx_it.o
                0x0000000008001290                NMI_Handler
 .text.HardFault_Handler
                0x0000000008001296        0x6 ./Core/Src/stm32f4xx_it.o
                0x0000000008001296                HardFault_Handler
 .text.MemManage_Handler
                0x000000000800129c        0x6 ./Core/Src/stm32f4xx_it.o
                0x000000000800129c                MemManage_Handler
 .text.BusFault_Handler
                0x00000000080012a2        0x6 ./Core/Src/stm32f4xx_it.o
                0x00000000080012a2                BusFault_Handler
 .text.UsageFault_Handler
                0x00000000080012a8        0x6 ./Core/Src/stm32f4xx_it.o
                0x00000000080012a8                UsageFault_Handler
 .text.DebugMon_Handler
                0x00000000080012ae        0xe ./Core/Src/stm32f4xx_it.o
                0x00000000080012ae                DebugMon_Handler
 .text.DMA1_Stream6_IRQHandler
                0x00000000080012bc       0x14 ./Core/Src/stm32f4xx_it.o
                0x00000000080012bc                DMA1_Stream6_IRQHandler
 .text.TIM2_IRQHandler
                0x00000000080012d0       0x14 ./Core/Src/stm32f4xx_it.o
                0x00000000080012d0                TIM2_IRQHandler
 .text.TIM4_IRQHandler
                0x00000000080012e4       0x14 ./Core/Src/stm32f4xx_it.o
                0x00000000080012e4                TIM4_IRQHandler
 .text.USART2_IRQHandler
                0x00000000080012f8       0x14 ./Core/Src/stm32f4xx_it.o
                0x00000000080012f8                USART2_IRQHandler
 .text.TIM7_IRQHandler
                0x000000000800130c       0x14 ./Core/Src/stm32f4xx_it.o
                0x000000000800130c                TIM7_IRQHandler
 .text._sbrk    0x0000000008001320       0x6c ./Core/Src/sysmem.o
                0x0000000008001320                _sbrk
 .text.SystemInit
                0x000000000800138c       0x24 ./Core/Src/system_stm32f4xx.o
                0x000000000800138c                SystemInit
 .text.MX_TIM1_Init
                0x00000000080013b0      0x140 ./Core/Src/tim.o
                0x00000000080013b0                MX_TIM1_Init
 .text.MX_TIM2_Init
                0x00000000080014f0       0xac ./Core/Src/tim.o
                0x00000000080014f0                MX_TIM2_Init
 .text.MX_TIM4_Init
                0x000000000800159c       0xe0 ./Core/Src/tim.o
                0x000000000800159c                MX_TIM4_Init
 .text.MX_TIM5_Init
                0x000000000800167c       0xf0 ./Core/Src/tim.o
                0x000000000800167c                MX_TIM5_Init
 .text.HAL_TIM_Base_MspInit
                0x000000000800176c      0x130 ./Core/Src/tim.o
                0x000000000800176c                HAL_TIM_Base_MspInit
 .text.HAL_TIM_MspPostInit
                0x000000000800189c       0xc0 ./Core/Src/tim.o
                0x000000000800189c                HAL_TIM_MspPostInit
 .text.MX_USART2_UART_Init
                0x000000000800195c       0x54 ./Core/Src/usart.o
                0x000000000800195c                MX_USART2_UART_Init
 .text.HAL_UART_MspInit
                0x00000000080019b0      0x104 ./Core/Src/usart.o
                0x00000000080019b0                HAL_UART_MspInit
 .text.Reset_Handler
                0x0000000008001ab4       0x50 ./Core/Startup/startup_stm32f446retx.o
                0x0000000008001ab4                Reset_Handler
 .text.Default_Handler
                0x0000000008001b04        0x2 ./Core/Startup/startup_stm32f446retx.o
                0x0000000008001b04                RTC_Alarm_IRQHandler
                0x0000000008001b04                EXTI2_IRQHandler
                0x0000000008001b04                TIM8_CC_IRQHandler
                0x0000000008001b04                FMPI2C1_EV_IRQHandler
                0x0000000008001b04                SPI4_IRQHandler
                0x0000000008001b04                TIM1_CC_IRQHandler
                0x0000000008001b04                DMA2_Stream5_IRQHandler
                0x0000000008001b04                DMA1_Stream5_IRQHandler
                0x0000000008001b04                PVD_IRQHandler
                0x0000000008001b04                SDIO_IRQHandler
                0x0000000008001b04                TAMP_STAMP_IRQHandler
                0x0000000008001b04                CAN2_RX1_IRQHandler
                0x0000000008001b04                EXTI3_IRQHandler
                0x0000000008001b04                TIM8_TRG_COM_TIM14_IRQHandler
                0x0000000008001b04                TIM1_UP_TIM10_IRQHandler
                0x0000000008001b04                TIM8_UP_TIM13_IRQHandler
                0x0000000008001b04                I2C3_ER_IRQHandler
                0x0000000008001b04                EXTI0_IRQHandler
                0x0000000008001b04                I2C2_EV_IRQHandler
                0x0000000008001b04                DMA1_Stream2_IRQHandler
                0x0000000008001b04                CAN1_RX0_IRQHandler
                0x0000000008001b04                FPU_IRQHandler
                0x0000000008001b04                OTG_HS_WKUP_IRQHandler
                0x0000000008001b04                CAN2_SCE_IRQHandler
                0x0000000008001b04                DMA2_Stream2_IRQHandler
                0x0000000008001b04                SPI1_IRQHandler
                0x0000000008001b04                TIM6_DAC_IRQHandler
                0x0000000008001b04                TIM1_BRK_TIM9_IRQHandler
                0x0000000008001b04                DCMI_IRQHandler
                0x0000000008001b04                CAN2_RX0_IRQHandler
                0x0000000008001b04                DMA2_Stream3_IRQHandler
                0x0000000008001b04                SAI2_IRQHandler
                0x0000000008001b04                USART6_IRQHandler
                0x0000000008001b04                USART3_IRQHandler
                0x0000000008001b04                CAN1_RX1_IRQHandler
                0x0000000008001b04                UART5_IRQHandler
                0x0000000008001b04                DMA2_Stream0_IRQHandler
                0x0000000008001b04                QUADSPI_IRQHandler
                0x0000000008001b04                I2C1_EV_IRQHandler
                0x0000000008001b04                DMA1_Stream1_IRQHandler
                0x0000000008001b04                UART4_IRQHandler
                0x0000000008001b04                TIM3_IRQHandler
                0x0000000008001b04                RCC_IRQHandler
                0x0000000008001b04                TIM8_BRK_TIM12_IRQHandler
                0x0000000008001b04                Default_Handler
                0x0000000008001b04                CEC_IRQHandler
                0x0000000008001b04                EXTI15_10_IRQHandler
                0x0000000008001b04                ADC_IRQHandler
                0x0000000008001b04                DMA1_Stream7_IRQHandler
                0x0000000008001b04                CAN2_TX_IRQHandler
                0x0000000008001b04                TIM5_IRQHandler
                0x0000000008001b04                DMA2_Stream7_IRQHandler
                0x0000000008001b04                I2C3_EV_IRQHandler
                0x0000000008001b04                EXTI9_5_IRQHandler
                0x0000000008001b04                RTC_WKUP_IRQHandler
                0x0000000008001b04                SPDIF_RX_IRQHandler
                0x0000000008001b04                SPI2_IRQHandler
                0x0000000008001b04                OTG_HS_EP1_IN_IRQHandler
                0x0000000008001b04                DMA1_Stream0_IRQHandler
                0x0000000008001b04                CAN1_TX_IRQHandler
                0x0000000008001b04                FMPI2C1_ER_IRQHandler
                0x0000000008001b04                EXTI4_IRQHandler
                0x0000000008001b04                OTG_HS_EP1_OUT_IRQHandler
                0x0000000008001b04                WWDG_IRQHandler
                0x0000000008001b04                OTG_FS_WKUP_IRQHandler
                0x0000000008001b04                TIM1_TRG_COM_TIM11_IRQHandler
                0x0000000008001b04                OTG_HS_IRQHandler
                0x0000000008001b04                EXTI1_IRQHandler
                0x0000000008001b04                I2C2_ER_IRQHandler
                0x0000000008001b04                DMA2_Stream1_IRQHandler
                0x0000000008001b04                CAN1_SCE_IRQHandler
                0x0000000008001b04                FLASH_IRQHandler
                0x0000000008001b04                DMA2_Stream4_IRQHandler
                0x0000000008001b04                USART1_IRQHandler
                0x0000000008001b04                OTG_FS_IRQHandler
                0x0000000008001b04                SPI3_IRQHandler
                0x0000000008001b04                DMA1_Stream4_IRQHandler
                0x0000000008001b04                I2C1_ER_IRQHandler
                0x0000000008001b04                FMC_IRQHandler
                0x0000000008001b04                DMA2_Stream6_IRQHandler
                0x0000000008001b04                SAI1_IRQHandler
                0x0000000008001b04                DMA1_Stream3_IRQHandler
 *fill*         0x0000000008001b06        0x2 
 .text.Start_BuzzerTask
                0x0000000008001b08      0x1e8 ./Core/application/BuzzerTask.o
                0x0000000008001b08                Start_BuzzerTask
 .text.buzzer_init
                0x0000000008001cf0       0x28 ./Core/application/BuzzerTask.o
                0x0000000008001cf0                buzzer_init
 .text.StarttimerTask
                0x0000000008001d18       0x84 ./Core/application/DefTask.o
                0x0000000008001d18                StarttimerTask
 .text.deftask_init
                0x0000000008001d9c       0x24 ./Core/application/DefTask.o
                0x0000000008001d9c                deftask_init
 .text.PrintServerPrintf
                0x0000000008001dc0       0x6c ./Core/application/print_server.o
                0x0000000008001dc0                PrintServerPrintf
 .text.HAL_UART_TxCpltCallback
                0x0000000008001e2c       0x30 ./Core/application/print_server.o
                0x0000000008001e2c                HAL_UART_TxCpltCallback
 .text.PrintServer
                0x0000000008001e5c       0x78 ./Core/application/print_server.o
                0x0000000008001e5c                PrintServer
 .text.PrintServerPrintfInit
                0x0000000008001ed4       0x5c ./Core/application/print_server.o
                0x0000000008001ed4                PrintServerPrintfInit
 .text.HAL_Init
                0x0000000008001f30       0x44 ./Drivers/STM32F4xx_HAL_Driver/Src/stm32f4xx_hal.o
                0x0000000008001f30                HAL_Init
 .text.HAL_IncTick
                0x0000000008001f74       0x28 ./Drivers/STM32F4xx_HAL_Driver/Src/stm32f4xx_hal.o
                0x0000000008001f74                HAL_IncTick
 .text.HAL_GetTick
                0x0000000008001f9c       0x18 ./Drivers/STM32F4xx_HAL_Driver/Src/stm32f4xx_hal.o
                0x0000000008001f9c                HAL_GetTick
 .text.__NVIC_SetPriorityGrouping
                0x0000000008001fb4       0x48 ./Drivers/STM32F4xx_HAL_Driver/Src/stm32f4xx_hal_cortex.o
 .text.__NVIC_GetPriorityGrouping
                0x0000000008001ffc       0x1c ./Drivers/STM32F4xx_HAL_Driver/Src/stm32f4xx_hal_cortex.o
 .text.__NVIC_EnableIRQ
                0x0000000008002018       0x3c ./Drivers/STM32F4xx_HAL_Driver/Src/stm32f4xx_hal_cortex.o
 .text.__NVIC_SetPriority
                0x0000000008002054       0x54 ./Drivers/STM32F4xx_HAL_Driver/Src/stm32f4xx_hal_cortex.o
 .text.NVIC_EncodePriority
                0x00000000080020a8       0x66 ./Drivers/STM32F4xx_HAL_Driver/Src/stm32f4xx_hal_cortex.o
 .text.HAL_NVIC_SetPriorityGrouping
                0x000000000800210e       0x16 ./Drivers/STM32F4xx_HAL_Driver/Src/stm32f4xx_hal_cortex.o
                0x000000000800210e                HAL_NVIC_SetPriorityGrouping
 .text.HAL_NVIC_SetPriority
                0x0000000008002124       0x38 ./Drivers/STM32F4xx_HAL_Driver/Src/stm32f4xx_hal_cortex.o
                0x0000000008002124                HAL_NVIC_SetPriority
 .text.HAL_NVIC_EnableIRQ
                0x000000000800215c       0x1c ./Drivers/STM32F4xx_HAL_Driver/Src/stm32f4xx_hal_cortex.o
                0x000000000800215c                HAL_NVIC_EnableIRQ
 .text.HAL_DMA_Init
                0x0000000008002178      0x15c ./Drivers/STM32F4xx_HAL_Driver/Src/stm32f4xx_hal_dma.o
                0x0000000008002178                HAL_DMA_Init
 .text.HAL_DMA_Start_IT
                0x00000000080022d4       0xb0 ./Drivers/STM32F4xx_HAL_Driver/Src/stm32f4xx_hal_dma.o
                0x00000000080022d4                HAL_DMA_Start_IT
 .text.HAL_DMA_Abort
                0x0000000008002384       0xe0 ./Drivers/STM32F4xx_HAL_Driver/Src/stm32f4xx_hal_dma.o
                0x0000000008002384                HAL_DMA_Abort
 .text.HAL_DMA_Abort_IT
                0x0000000008002464       0x44 ./Drivers/STM32F4xx_HAL_Driver/Src/stm32f4xx_hal_dma.o
                0x0000000008002464                HAL_DMA_Abort_IT
 .text.HAL_DMA_IRQHandler
                0x00000000080024a8      0x314 ./Drivers/STM32F4xx_HAL_Driver/Src/stm32f4xx_hal_dma.o
                0x00000000080024a8                HAL_DMA_IRQHandler
 .text.DMA_SetConfig
                0x00000000080027bc       0x5c ./Drivers/STM32F4xx_HAL_Driver/Src/stm32f4xx_hal_dma.o
 .text.DMA_CalcBaseAndBitshift
                0x0000000008002818       0x6c ./Drivers/STM32F4xx_HAL_Driver/Src/stm32f4xx_hal_dma.o
 .text.DMA_CheckFifoParam
                0x0000000008002884       0xf8 ./Drivers/STM32F4xx_HAL_Driver/Src/stm32f4xx_hal_dma.o
 .text.HAL_GPIO_Init
                0x000000000800297c      0x328 ./Drivers/STM32F4xx_HAL_Driver/Src/stm32f4xx_hal_gpio.o
                0x000000000800297c                HAL_GPIO_Init
 .text.HAL_GPIO_WritePin
                0x0000000008002ca4       0x32 ./Drivers/STM32F4xx_HAL_Driver/Src/stm32f4xx_hal_gpio.o
                0x0000000008002ca4                HAL_GPIO_WritePin
 .text.HAL_GPIO_TogglePin
                0x0000000008002cd6       0x34 ./Drivers/STM32F4xx_HAL_Driver/Src/stm32f4xx_hal_gpio.o
                0x0000000008002cd6                HAL_GPIO_TogglePin
 *fill*         0x0000000008002d0a        0x2 
 .text.HAL_PWREx_EnableOverDrive
                0x0000000008002d0c       0xa0 ./Drivers/STM32F4xx_HAL_Driver/Src/stm32f4xx_hal_pwr_ex.o
                0x0000000008002d0c                HAL_PWREx_EnableOverDrive
 .text.HAL_RCC_ClockConfig
                0x0000000008002dac      0x1cc ./Drivers/STM32F4xx_HAL_Driver/Src/stm32f4xx_hal_rcc.o
                0x0000000008002dac                HAL_RCC_ClockConfig
 .text.HAL_RCC_GetHCLKFreq
                0x0000000008002f78       0x18 ./Drivers/STM32F4xx_HAL_Driver/Src/stm32f4xx_hal_rcc.o
                0x0000000008002f78                HAL_RCC_GetHCLKFreq
 .text.HAL_RCC_GetPCLK1Freq
                0x0000000008002f90       0x28 ./Drivers/STM32F4xx_HAL_Driver/Src/stm32f4xx_hal_rcc.o
                0x0000000008002f90                HAL_RCC_GetPCLK1Freq
 .text.HAL_RCC_GetPCLK2Freq
                0x0000000008002fb8       0x28 ./Drivers/STM32F4xx_HAL_Driver/Src/stm32f4xx_hal_rcc.o
                0x0000000008002fb8                HAL_RCC_GetPCLK2Freq
 .text.HAL_RCC_GetClockConfig
                0x0000000008002fe0       0x64 ./Drivers/STM32F4xx_HAL_Driver/Src/stm32f4xx_hal_rcc.o
                0x0000000008002fe0                HAL_RCC_GetClockConfig
 .text.HAL_RCC_GetSysClockFreq
                0x0000000008003044      0x460 ./Drivers/STM32F4xx_HAL_Driver/Src/stm32f4xx_hal_rcc_ex.o
                0x0000000008003044                HAL_RCC_GetSysClockFreq
 .text.HAL_RCC_OscConfig
                0x00000000080034a4      0x53c ./Drivers/STM32F4xx_HAL_Driver/Src/stm32f4xx_hal_rcc_ex.o
                0x00000000080034a4                HAL_RCC_OscConfig
 .text.HAL_TIM_Base_Init
                0x00000000080039e0       0x9e ./Drivers/STM32F4xx_HAL_Driver/Src/stm32f4xx_hal_tim.o
                0x00000000080039e0                HAL_TIM_Base_Init
 *fill*         0x0000000008003a7e        0x2 
 .text.HAL_TIM_Base_Start_IT
                0x0000000008003a80       0xe0 ./Drivers/STM32F4xx_HAL_Driver/Src/stm32f4xx_hal_tim.o
                0x0000000008003a80                HAL_TIM_Base_Start_IT
 .text.HAL_TIM_PWM_Init
                0x0000000008003b60       0x9e ./Drivers/STM32F4xx_HAL_Driver/Src/stm32f4xx_hal_tim.o
                0x0000000008003b60                HAL_TIM_PWM_Init
 .text.HAL_TIM_PWM_MspInit
                0x0000000008003bfe       0x14 ./Drivers/STM32F4xx_HAL_Driver/Src/stm32f4xx_hal_tim.o
                0x0000000008003bfe                HAL_TIM_PWM_MspInit
 *fill*         0x0000000008003c12        0x2 
 .text.HAL_TIM_PWM_Start
                0x0000000008003c14      0x190 ./Drivers/STM32F4xx_HAL_Driver/Src/stm32f4xx_hal_tim.o
                0x0000000008003c14                HAL_TIM_PWM_Start
 .text.HAL_TIM_PWM_Stop
                0x0000000008003da4       0xe0 ./Drivers/STM32F4xx_HAL_Driver/Src/stm32f4xx_hal_tim.o
                0x0000000008003da4                HAL_TIM_PWM_Stop
 .text.HAL_TIM_IC_Init
                0x0000000008003e84       0x9e ./Drivers/STM32F4xx_HAL_Driver/Src/stm32f4xx_hal_tim.o
                0x0000000008003e84                HAL_TIM_IC_Init
 .text.HAL_TIM_IC_MspInit
                0x0000000008003f22       0x14 ./Drivers/STM32F4xx_HAL_Driver/Src/stm32f4xx_hal_tim.o
                0x0000000008003f22                HAL_TIM_IC_MspInit
 *fill*         0x0000000008003f36        0x2 
 .text.HAL_TIM_IC_Start_IT
                0x0000000008003f38      0x250 ./Drivers/STM32F4xx_HAL_Driver/Src/stm32f4xx_hal_tim.o
                0x0000000008003f38                HAL_TIM_IC_Start_IT
 .text.HAL_TIM_OnePulse_Init
                0x0000000008004188       0xa0 ./Drivers/STM32F4xx_HAL_Driver/Src/stm32f4xx_hal_tim.o
                0x0000000008004188                HAL_TIM_OnePulse_Init
 .text.HAL_TIM_OnePulse_MspInit
                0x0000000008004228       0x14 ./Drivers/STM32F4xx_HAL_Driver/Src/stm32f4xx_hal_tim.o
                0x0000000008004228                HAL_TIM_OnePulse_MspInit
 .text.HAL_TIM_IRQHandler
                0x000000000800423c      0x210 ./Drivers/STM32F4xx_HAL_Driver/Src/stm32f4xx_hal_tim.o
                0x000000000800423c                HAL_TIM_IRQHandler
 .text.HAL_TIM_IC_ConfigChannel
                0x000000000800444c      0x138 ./Drivers/STM32F4xx_HAL_Driver/Src/stm32f4xx_hal_tim.o
                0x000000000800444c                HAL_TIM_IC_ConfigChannel
 .text.HAL_TIM_PWM_ConfigChannel
                0x0000000008004584      0x184 ./Drivers/STM32F4xx_HAL_Driver/Src/stm32f4xx_hal_tim.o
                0x0000000008004584                HAL_TIM_PWM_ConfigChannel
 .text.HAL_TIM_ConfigClockSource
                0x0000000008004708      0x18e ./Drivers/STM32F4xx_HAL_Driver/Src/stm32f4xx_hal_tim.o
                0x0000000008004708                HAL_TIM_ConfigClockSource
 .text.HAL_TIM_OC_DelayElapsedCallback
                0x0000000008004896       0x14 ./Drivers/STM32F4xx_HAL_Driver/Src/stm32f4xx_hal_tim.o
                0x0000000008004896                HAL_TIM_OC_DelayElapsedCallback
 .text.HAL_TIM_PWM_PulseFinishedCallback
                0x00000000080048aa       0x14 ./Drivers/STM32F4xx_HAL_Driver/Src/stm32f4xx_hal_tim.o
                0x00000000080048aa                HAL_TIM_PWM_PulseFinishedCallback
 .text.HAL_TIM_TriggerCallback
                0x00000000080048be       0x14 ./Drivers/STM32F4xx_HAL_Driver/Src/stm32f4xx_hal_tim.o
                0x00000000080048be                HAL_TIM_TriggerCallback
 *fill*         0x00000000080048d2        0x2 
 .text.TIM_Base_SetConfig
                0x00000000080048d4      0x140 ./Drivers/STM32F4xx_HAL_Driver/Src/stm32f4xx_hal_tim.o
                0x00000000080048d4                TIM_Base_SetConfig
 .text.TIM_OC1_SetConfig
                0x0000000008004a14       0xe0 ./Drivers/STM32F4xx_HAL_Driver/Src/stm32f4xx_hal_tim.o
 .text.TIM_OC2_SetConfig
                0x0000000008004af4       0xec ./Drivers/STM32F4xx_HAL_Driver/Src/stm32f4xx_hal_tim.o
                0x0000000008004af4                TIM_OC2_SetConfig
 .text.TIM_OC3_SetConfig
                0x0000000008004be0       0xe8 ./Drivers/STM32F4xx_HAL_Driver/Src/stm32f4xx_hal_tim.o
 .text.TIM_OC4_SetConfig
                0x0000000008004cc8       0xac ./Drivers/STM32F4xx_HAL_Driver/Src/stm32f4xx_hal_tim.o
 .text.TIM_TI1_SetConfig
                0x0000000008004d74       0xe8 ./Drivers/STM32F4xx_HAL_Driver/Src/stm32f4xx_hal_tim.o
                0x0000000008004d74                TIM_TI1_SetConfig
 .text.TIM_TI1_ConfigInputStage
                0x0000000008004e5c       0x5e ./Drivers/STM32F4xx_HAL_Driver/Src/stm32f4xx_hal_tim.o
 .text.TIM_TI2_SetConfig
                0x0000000008004eba       0x7a ./Drivers/STM32F4xx_HAL_Driver/Src/stm32f4xx_hal_tim.o
 .text.TIM_TI2_ConfigInputStage
                0x0000000008004f34       0x60 ./Drivers/STM32F4xx_HAL_Driver/Src/stm32f4xx_hal_tim.o
 .text.TIM_TI3_SetConfig
                0x0000000008004f94       0x78 ./Drivers/STM32F4xx_HAL_Driver/Src/stm32f4xx_hal_tim.o
 .text.TIM_TI4_SetConfig
                0x000000000800500c       0x7a ./Drivers/STM32F4xx_HAL_Driver/Src/stm32f4xx_hal_tim.o
 .text.TIM_ITRx_SetConfig
                0x0000000008005086       0x36 ./Drivers/STM32F4xx_HAL_Driver/Src/stm32f4xx_hal_tim.o
 .text.TIM_ETR_SetConfig
                0x00000000080050bc       0x40 ./Drivers/STM32F4xx_HAL_Driver/Src/stm32f4xx_hal_tim.o
                0x00000000080050bc                TIM_ETR_SetConfig
 .text.TIM_CCxChannelCmd
                0x00000000080050fc       0x4a ./Drivers/STM32F4xx_HAL_Driver/Src/stm32f4xx_hal_tim.o
                0x00000000080050fc                TIM_CCxChannelCmd
 *fill*         0x0000000008005146        0x2 
 .text.HAL_TIMEx_PWMN_Start
                0x0000000008005148      0x174 ./Drivers/STM32F4xx_HAL_Driver/Src/stm32f4xx_hal_tim_ex.o
                0x0000000008005148                HAL_TIMEx_PWMN_Start
 .text.HAL_TIMEx_PWMN_Stop
                0x00000000080052bc       0xba ./Drivers/STM32F4xx_HAL_Driver/Src/stm32f4xx_hal_tim_ex.o
                0x00000000080052bc                HAL_TIMEx_PWMN_Stop
 *fill*         0x0000000008005376        0x2 
 .text.HAL_TIMEx_MasterConfigSynchronization
                0x0000000008005378       0xf8 ./Drivers/STM32F4xx_HAL_Driver/Src/stm32f4xx_hal_tim_ex.o
                0x0000000008005378                HAL_TIMEx_MasterConfigSynchronization
 .text.HAL_TIMEx_ConfigBreakDeadTime
                0x0000000008005470       0xa4 ./Drivers/STM32F4xx_HAL_Driver/Src/stm32f4xx_hal_tim_ex.o
                0x0000000008005470                HAL_TIMEx_ConfigBreakDeadTime
 .text.HAL_TIMEx_CommutCallback
                0x0000000008005514       0x14 ./Drivers/STM32F4xx_HAL_Driver/Src/stm32f4xx_hal_tim_ex.o
                0x0000000008005514                HAL_TIMEx_CommutCallback
 .text.HAL_TIMEx_BreakCallback
                0x0000000008005528       0x14 ./Drivers/STM32F4xx_HAL_Driver/Src/stm32f4xx_hal_tim_ex.o
                0x0000000008005528                HAL_TIMEx_BreakCallback
 .text.TIM_CCxNChannelCmd
                0x000000000800553c       0x4a ./Drivers/STM32F4xx_HAL_Driver/Src/stm32f4xx_hal_tim_ex.o
 .text.HAL_UART_Init
                0x0000000008005586       0x9a ./Drivers/STM32F4xx_HAL_Driver/Src/stm32f4xx_hal_uart.o
                0x0000000008005586                HAL_UART_Init
 .text.HAL_UART_Transmit_DMA
                0x0000000008005620       0xfc ./Drivers/STM32F4xx_HAL_Driver/Src/stm32f4xx_hal_uart.o
                0x0000000008005620                HAL_UART_Transmit_DMA
 .text.HAL_UART_IRQHandler
                0x000000000800571c      0x51c ./Drivers/STM32F4xx_HAL_Driver/Src/stm32f4xx_hal_uart.o
                0x000000000800571c                HAL_UART_IRQHandler
 .text.HAL_UART_TxHalfCpltCallback
                0x0000000008005c38       0x14 ./Drivers/STM32F4xx_HAL_Driver/Src/stm32f4xx_hal_uart.o
                0x0000000008005c38                HAL_UART_TxHalfCpltCallback
 .text.HAL_UART_RxCpltCallback
                0x0000000008005c4c       0x14 ./Drivers/STM32F4xx_HAL_Driver/Src/stm32f4xx_hal_uart.o
                0x0000000008005c4c                HAL_UART_RxCpltCallback
 .text.HAL_UART_ErrorCallback
                0x0000000008005c60       0x14 ./Drivers/STM32F4xx_HAL_Driver/Src/stm32f4xx_hal_uart.o
                0x0000000008005c60                HAL_UART_ErrorCallback
 .text.HAL_UARTEx_RxEventCallback
                0x0000000008005c74       0x18 ./Drivers/STM32F4xx_HAL_Driver/Src/stm32f4xx_hal_uart.o
                0x0000000008005c74                HAL_UARTEx_RxEventCallback
 .text.UART_DMATransmitCplt
                0x0000000008005c8c       0x9a ./Drivers/STM32F4xx_HAL_Driver/Src/stm32f4xx_hal_uart.o
 .text.UART_DMATxHalfCplt
                0x0000000008005d26       0x1c ./Drivers/STM32F4xx_HAL_Driver/Src/stm32f4xx_hal_uart.o
 .text.UART_DMAError
                0x0000000008005d42       0x94 ./Drivers/STM32F4xx_HAL_Driver/Src/stm32f4xx_hal_uart.o
 .text.UART_EndTxTransfer
                0x0000000008005dd6       0x50 ./Drivers/STM32F4xx_HAL_Driver/Src/stm32f4xx_hal_uart.o
 .text.UART_EndRxTransfer
                0x0000000008005e26       0xc6 ./Drivers/STM32F4xx_HAL_Driver/Src/stm32f4xx_hal_uart.o
 .text.UART_DMAAbortOnError
                0x0000000008005eec       0x28 ./Drivers/STM32F4xx_HAL_Driver/Src/stm32f4xx_hal_uart.o
 .text.UART_Transmit_IT
                0x0000000008005f14       0xa0 ./Drivers/STM32F4xx_HAL_Driver/Src/stm32f4xx_hal_uart.o
 .text.UART_EndTransmit_IT
                0x0000000008005fb4       0x30 ./Drivers/STM32F4xx_HAL_Driver/Src/stm32f4xx_hal_uart.o
 .text.UART_Receive_IT
                0x0000000008005fe4      0x176 ./Drivers/STM32F4xx_HAL_Driver/Src/stm32f4xx_hal_uart.o
 *fill*         0x000000000800615a        0x2 
 .text.UART_SetConfig
                0x000000000800615c      0x4e8 ./Drivers/STM32F4xx_HAL_Driver/Src/stm32f4xx_hal_uart.o
 .text.__NVIC_SetPriority
                0x0000000008006644       0x54 ./Middlewares/Third_Party/FreeRTOS/Source/CMSIS_RTOS_V2/cmsis_os2.o
 .text.SysTick_Handler
                0x0000000008006698       0x20 ./Middlewares/Third_Party/FreeRTOS/Source/CMSIS_RTOS_V2/cmsis_os2.o
                0x0000000008006698                SysTick_Handler
 .text.SVC_Setup
                0x00000000080066b8       0x12 ./Middlewares/Third_Party/FreeRTOS/Source/CMSIS_RTOS_V2/cmsis_os2.o
 *fill*         0x00000000080066ca        0x2 
 .text.osKernelInitialize
                0x00000000080066cc       0x48 ./Middlewares/Third_Party/FreeRTOS/Source/CMSIS_RTOS_V2/cmsis_os2.o
                0x00000000080066cc                osKernelInitialize
 .text.osKernelStart
                0x0000000008006714       0x4c ./Middlewares/Third_Party/FreeRTOS/Source/CMSIS_RTOS_V2/cmsis_os2.o
                0x0000000008006714                osKernelStart
 .text.osThreadNew
                0x0000000008006760      0x126 ./Middlewares/Third_Party/FreeRTOS/Source/CMSIS_RTOS_V2/cmsis_os2.o
                0x0000000008006760                osThreadNew
 .text.osDelay  0x0000000008006886       0x36 ./Middlewares/Third_Party/FreeRTOS/Source/CMSIS_RTOS_V2/cmsis_os2.o
                0x0000000008006886                osDelay
 .text.osEventFlagsNew
                0x00000000080068bc       0x7e ./Middlewares/Third_Party/FreeRTOS/Source/CMSIS_RTOS_V2/cmsis_os2.o
                0x00000000080068bc                osEventFlagsNew
 *fill*         0x000000000800693a        0x2 
 .text.osEventFlagsSet
                0x000000000800693c       0x88 ./Middlewares/Third_Party/FreeRTOS/Source/CMSIS_RTOS_V2/cmsis_os2.o
                0x000000000800693c                osEventFlagsSet
 .text.osEventFlagsWait
                0x00000000080069c4       0xcc ./Middlewares/Third_Party/FreeRTOS/Source/CMSIS_RTOS_V2/cmsis_os2.o
                0x00000000080069c4                osEventFlagsWait
 .text.osMessageQueueNew
                0x0000000008006a90       0xe6 ./Middlewares/Third_Party/FreeRTOS/Source/CMSIS_RTOS_V2/cmsis_os2.o
                0x0000000008006a90                osMessageQueueNew
 *fill*         0x0000000008006b76        0x2 
 .text.osMessageQueuePut
                0x0000000008006b78       0xc0 ./Middlewares/Third_Party/FreeRTOS/Source/CMSIS_RTOS_V2/cmsis_os2.o
                0x0000000008006b78                osMessageQueuePut
 .text.osMessageQueueGet
                0x0000000008006c38       0xbc ./Middlewares/Third_Party/FreeRTOS/Source/CMSIS_RTOS_V2/cmsis_os2.o
                0x0000000008006c38                osMessageQueueGet
 .text.osMemoryPoolNew
                0x0000000008006cf4      0x1ac ./Middlewares/Third_Party/FreeRTOS/Source/CMSIS_RTOS_V2/cmsis_os2.o
                0x0000000008006cf4                osMemoryPoolNew
 .text.osMemoryPoolAlloc
                0x0000000008006ea0       0xec ./Middlewares/Third_Party/FreeRTOS/Source/CMSIS_RTOS_V2/cmsis_os2.o
                0x0000000008006ea0                osMemoryPoolAlloc
 .text.osMemoryPoolFree
                0x0000000008006f8c      0x130 ./Middlewares/Third_Party/FreeRTOS/Source/CMSIS_RTOS_V2/cmsis_os2.o
                0x0000000008006f8c                osMemoryPoolFree
 .text.CreateBlock
                0x00000000080070bc       0x44 ./Middlewares/Third_Party/FreeRTOS/Source/CMSIS_RTOS_V2/cmsis_os2.o
 .text.AllocBlock
                0x0000000008007100       0x30 ./Middlewares/Third_Party/FreeRTOS/Source/CMSIS_RTOS_V2/cmsis_os2.o
 .text.FreeBlock
                0x0000000008007130       0x28 ./Middlewares/Third_Party/FreeRTOS/Source/CMSIS_RTOS_V2/cmsis_os2.o
 .text.vApplicationGetIdleTaskMemory
                0x0000000008007158       0x34 ./Middlewares/Third_Party/FreeRTOS/Source/CMSIS_RTOS_V2/cmsis_os2.o
                0x0000000008007158                vApplicationGetIdleTaskMemory
 .text.vApplicationGetTimerTaskMemory
                0x000000000800718c       0x34 ./Middlewares/Third_Party/FreeRTOS/Source/CMSIS_RTOS_V2/cmsis_os2.o
                0x000000000800718c                vApplicationGetTimerTaskMemory
 .text.xEventGroupCreateStatic
                0x00000000080071c0       0x6e ./Middlewares/Third_Party/FreeRTOS/Source/event_groups.o
                0x00000000080071c0                xEventGroupCreateStatic
 .text.xEventGroupCreate
                0x000000000800722e       0x34 ./Middlewares/Third_Party/FreeRTOS/Source/event_groups.o
                0x000000000800722e                xEventGroupCreate
 *fill*         0x0000000008007262        0x2 
 .text.xEventGroupWaitBits
                0x0000000008007264      0x19c ./Middlewares/Third_Party/FreeRTOS/Source/event_groups.o
                0x0000000008007264                xEventGroupWaitBits
 .text.xEventGroupSetBits
                0x0000000008007400      0x116 ./Middlewares/Third_Party/FreeRTOS/Source/event_groups.o
                0x0000000008007400                xEventGroupSetBits
 .text.vEventGroupSetBitsCallback
                0x0000000008007516       0x1a ./Middlewares/Third_Party/FreeRTOS/Source/event_groups.o
                0x0000000008007516                vEventGroupSetBitsCallback
 .text.prvTestWaitCondition
                0x0000000008007530       0x44 ./Middlewares/Third_Party/FreeRTOS/Source/event_groups.o
 .text.xEventGroupSetBitsFromISR
                0x0000000008007574       0x28 ./Middlewares/Third_Party/FreeRTOS/Source/event_groups.o
                0x0000000008007574                xEventGroupSetBitsFromISR
 .text.vListInitialise
                0x000000000800759c       0x40 ./Middlewares/Third_Party/FreeRTOS/Source/list.o
                0x000000000800759c                vListInitialise
 .text.vListInitialiseItem
                0x00000000080075dc       0x1a ./Middlewares/Third_Party/FreeRTOS/Source/list.o
                0x00000000080075dc                vListInitialiseItem
 .text.vListInsertEnd
                0x00000000080075f6       0x48 ./Middlewares/Third_Party/FreeRTOS/Source/list.o
                0x00000000080075f6                vListInsertEnd
 .text.vListInsert
                0x000000000800763e       0x72 ./Middlewares/Third_Party/FreeRTOS/Source/list.o
                0x000000000800763e                vListInsert
 .text.uxListRemove
                0x00000000080076b0       0x54 ./Middlewares/Third_Party/FreeRTOS/Source/list.o
                0x00000000080076b0                uxListRemove
 .text.xQueueGenericReset
                0x0000000008007704       0xd0 ./Middlewares/Third_Party/FreeRTOS/Source/queue.o
                0x0000000008007704                xQueueGenericReset
 .text.xQueueGenericCreateStatic
                0x00000000080077d4       0xf0 ./Middlewares/Third_Party/FreeRTOS/Source/queue.o
                0x00000000080077d4                xQueueGenericCreateStatic
 .text.xQueueGenericCreate
                0x00000000080078c4       0x74 ./Middlewares/Third_Party/FreeRTOS/Source/queue.o
                0x00000000080078c4                xQueueGenericCreate
 .text.prvInitialiseNewQueue
                0x0000000008007938       0x46 ./Middlewares/Third_Party/FreeRTOS/Source/queue.o
 .text.xQueueCreateCountingSemaphoreStatic
                0x000000000800797e       0x6e ./Middlewares/Third_Party/FreeRTOS/Source/queue.o
                0x000000000800797e                xQueueCreateCountingSemaphoreStatic
 .text.xQueueGenericSend
                0x00000000080079ec      0x1fc ./Middlewares/Third_Party/FreeRTOS/Source/queue.o
                0x00000000080079ec                xQueueGenericSend
 .text.xQueueGenericSendFromISR
                0x0000000008007be8      0x136 ./Middlewares/Third_Party/FreeRTOS/Source/queue.o
                0x0000000008007be8                xQueueGenericSendFromISR
 .text.xQueueGiveFromISR
                0x0000000008007d1e      0x11a ./Middlewares/Third_Party/FreeRTOS/Source/queue.o
                0x0000000008007d1e                xQueueGiveFromISR
 .text.xQueueReceive
                0x0000000008007e38      0x1c0 ./Middlewares/Third_Party/FreeRTOS/Source/queue.o
                0x0000000008007e38                xQueueReceive
 .text.xQueueSemaphoreTake
                0x0000000008007ff8      0x218 ./Middlewares/Third_Party/FreeRTOS/Source/queue.o
                0x0000000008007ff8                xQueueSemaphoreTake
 .text.xQueueReceiveFromISR
                0x0000000008008210      0x100 ./Middlewares/Third_Party/FreeRTOS/Source/queue.o
                0x0000000008008210                xQueueReceiveFromISR
 .text.uxQueueMessagesWaiting
                0x0000000008008310       0x3c ./Middlewares/Third_Party/FreeRTOS/Source/queue.o
                0x0000000008008310                uxQueueMessagesWaiting
 .text.uxQueueMessagesWaitingFromISR
                0x000000000800834c       0x3c ./Middlewares/Third_Party/FreeRTOS/Source/queue.o
                0x000000000800834c                uxQueueMessagesWaitingFromISR
 .text.prvGetDisinheritPriorityAfterTimeout
                0x0000000008008388       0x30 ./Middlewares/Third_Party/FreeRTOS/Source/queue.o
 .text.prvCopyDataToQueue
                0x00000000080083b8       0xd4 ./Middlewares/Third_Party/FreeRTOS/Source/queue.o
 .text.prvCopyDataFromQueue
                0x000000000800848c       0x4c ./Middlewares/Third_Party/FreeRTOS/Source/queue.o
 .text.prvUnlockQueue
                0x00000000080084d8       0xa4 ./Middlewares/Third_Party/FreeRTOS/Source/queue.o
 .text.prvIsQueueEmpty
                0x000000000800857c       0x2c ./Middlewares/Third_Party/FreeRTOS/Source/queue.o
 .text.prvIsQueueFull
                0x00000000080085a8       0x30 ./Middlewares/Third_Party/FreeRTOS/Source/queue.o
 .text.vQueueAddToRegistry
                0x00000000080085d8       0x54 ./Middlewares/Third_Party/FreeRTOS/Source/queue.o
                0x00000000080085d8                vQueueAddToRegistry
 .text.vQueueWaitForMessageRestricted
                0x000000000800862c       0x68 ./Middlewares/Third_Party/FreeRTOS/Source/queue.o
                0x000000000800862c                vQueueWaitForMessageRestricted
 .text.xTaskCreateStatic
                0x0000000008008694       0xba ./Middlewares/Third_Party/FreeRTOS/Source/tasks.o
                0x0000000008008694                xTaskCreateStatic
 .text.xTaskCreate
                0x000000000800874e       0x8a ./Middlewares/Third_Party/FreeRTOS/Source/tasks.o
                0x000000000800874e                xTaskCreate
 .text.prvInitialiseNewTask
                0x00000000080087d8      0x14c ./Middlewares/Third_Party/FreeRTOS/Source/tasks.o
 .text.prvAddNewTaskToReadyList
                0x0000000008008924       0xe0 ./Middlewares/Third_Party/FreeRTOS/Source/tasks.o
 .text.vTaskDelay
                0x0000000008008a04       0x68 ./Middlewares/Third_Party/FreeRTOS/Source/tasks.o
                0x0000000008008a04                vTaskDelay
 .text.vTaskStartScheduler
                0x0000000008008a6c       0xe0 ./Middlewares/Third_Party/FreeRTOS/Source/tasks.o
                0x0000000008008a6c                vTaskStartScheduler
 .text.vTaskSuspendAll
                0x0000000008008b4c       0x1c ./Middlewares/Third_Party/FreeRTOS/Source/tasks.o
                0x0000000008008b4c                vTaskSuspendAll
 .text.xTaskResumeAll
                0x0000000008008b68      0x13c ./Middlewares/Third_Party/FreeRTOS/Source/tasks.o
                0x0000000008008b68                xTaskResumeAll
 .text.xTaskGetTickCount
                0x0000000008008ca4       0x20 ./Middlewares/Third_Party/FreeRTOS/Source/tasks.o
                0x0000000008008ca4                xTaskGetTickCount
 .text.xTaskIncrementTick
                0x0000000008008cc4      0x174 ./Middlewares/Third_Party/FreeRTOS/Source/tasks.o
                0x0000000008008cc4                xTaskIncrementTick
 .text.vTaskSwitchContext
                0x0000000008008e38       0xc8 ./Middlewares/Third_Party/FreeRTOS/Source/tasks.o
                0x0000000008008e38                vTaskSwitchContext
 .text.vTaskPlaceOnEventList
                0x0000000008008f00       0x48 ./Middlewares/Third_Party/FreeRTOS/Source/tasks.o
                0x0000000008008f00                vTaskPlaceOnEventList
 .text.vTaskPlaceOnUnorderedEventList
                0x0000000008008f48       0x78 ./Middlewares/Third_Party/FreeRTOS/Source/tasks.o
                0x0000000008008f48                vTaskPlaceOnUnorderedEventList
 .text.vTaskPlaceOnEventListRestricted
                0x0000000008008fc0       0x58 ./Middlewares/Third_Party/FreeRTOS/Source/tasks.o
                0x0000000008008fc0                vTaskPlaceOnEventListRestricted
 .text.xTaskRemoveFromEventList
                0x0000000008009018       0xc8 ./Middlewares/Third_Party/FreeRTOS/Source/tasks.o
                0x0000000008009018                xTaskRemoveFromEventList
 .text.vTaskRemoveFromUnorderedEventList
                0x00000000080090e0       0xc4 ./Middlewares/Third_Party/FreeRTOS/Source/tasks.o
                0x00000000080090e0                vTaskRemoveFromUnorderedEventList
 .text.vTaskInternalSetTimeOutState
                0x00000000080091a4       0x2c ./Middlewares/Third_Party/FreeRTOS/Source/tasks.o
                0x00000000080091a4                vTaskInternalSetTimeOutState
 .text.xTaskCheckForTimeOut
                0x00000000080091d0       0xc4 ./Middlewares/Third_Party/FreeRTOS/Source/tasks.o
                0x00000000080091d0                xTaskCheckForTimeOut
 .text.vTaskMissedYield
                0x0000000008009294       0x18 ./Middlewares/Third_Party/FreeRTOS/Source/tasks.o
                0x0000000008009294                vTaskMissedYield
 .text.prvIdleTask
                0x00000000080092ac       0x30 ./Middlewares/Third_Party/FreeRTOS/Source/tasks.o
 .text.prvInitialiseTaskLists
                0x00000000080092dc       0x80 ./Middlewares/Third_Party/FreeRTOS/Source/tasks.o
 .text.prvCheckTasksWaitingTermination
                0x000000000800935c       0x5c ./Middlewares/Third_Party/FreeRTOS/Source/tasks.o
 .text.prvDeleteTCB
                0x00000000080093b8       0x68 ./Middlewares/Third_Party/FreeRTOS/Source/tasks.o
 .text.prvResetNextTaskUnblockTime
                0x0000000008009420       0x40 ./Middlewares/Third_Party/FreeRTOS/Source/tasks.o
 .text.xTaskGetSchedulerState
                0x0000000008009460       0x3c ./Middlewares/Third_Party/FreeRTOS/Source/tasks.o
                0x0000000008009460                xTaskGetSchedulerState
 .text.xTaskPriorityInherit
                0x000000000800949c       0xd0 ./Middlewares/Third_Party/FreeRTOS/Source/tasks.o
                0x000000000800949c                xTaskPriorityInherit
 .text.xTaskPriorityDisinherit
                0x000000000800956c       0xdc ./Middlewares/Third_Party/FreeRTOS/Source/tasks.o
                0x000000000800956c                xTaskPriorityDisinherit
 .text.vTaskPriorityDisinheritAfterTimeout
                0x0000000008009648      0x104 ./Middlewares/Third_Party/FreeRTOS/Source/tasks.o
                0x0000000008009648                vTaskPriorityDisinheritAfterTimeout
 .text.uxTaskResetEventItemValue
                0x000000000800974c       0x30 ./Middlewares/Third_Party/FreeRTOS/Source/tasks.o
                0x000000000800974c                uxTaskResetEventItemValue
 .text.pvTaskIncrementMutexHeldCount
                0x000000000800977c       0x28 ./Middlewares/Third_Party/FreeRTOS/Source/tasks.o
                0x000000000800977c                pvTaskIncrementMutexHeldCount
 .text.prvAddCurrentTaskToDelayedList
                0x00000000080097a4       0xa8 ./Middlewares/Third_Party/FreeRTOS/Source/tasks.o
 .text.xTimerCreateTimerTask
                0x000000000800984c       0x90 ./Middlewares/Third_Party/FreeRTOS/Source/timers.o
                0x000000000800984c                xTimerCreateTimerTask
 .text.xTimerGenericCommand
                0x00000000080098dc       0x9c ./Middlewares/Third_Party/FreeRTOS/Source/timers.o
                0x00000000080098dc                xTimerGenericCommand
 .text.prvProcessExpiredTimer
                0x0000000008009978       0x98 ./Middlewares/Third_Party/FreeRTOS/Source/timers.o
 .text.prvTimerTask
                0x0000000008009a10       0x24 ./Middlewares/Third_Party/FreeRTOS/Source/timers.o
 .text.prvProcessTimerOrBlockTask
                0x0000000008009a34       0x9c ./Middlewares/Third_Party/FreeRTOS/Source/timers.o
 .text.prvGetNextExpireTime
                0x0000000008009ad0       0x48 ./Middlewares/Third_Party/FreeRTOS/Source/timers.o
 .text.prvSampleTimeNow
                0x0000000008009b18       0x40 ./Middlewares/Third_Party/FreeRTOS/Source/timers.o
 .text.prvInsertTimerInActiveList
                0x0000000008009b58       0x84 ./Middlewares/Third_Party/FreeRTOS/Source/timers.o
 .text.prvProcessReceivedCommands
                0x0000000008009bdc      0x1c4 ./Middlewares/Third_Party/FreeRTOS/Source/timers.o
 .text.prvSwitchTimerLists
                0x0000000008009da0       0xc8 ./Middlewares/Third_Party/FreeRTOS/Source/timers.o
 .text.prvCheckForValidListAndQueue
                0x0000000008009e68       0x80 ./Middlewares/Third_Party/FreeRTOS/Source/timers.o
 .text.xTimerPendFunctionCallFromISR
                0x0000000008009ee8       0x40 ./Middlewares/Third_Party/FreeRTOS/Source/timers.o
                0x0000000008009ee8                xTimerPendFunctionCallFromISR
 .text.pxPortInitialiseStack
                0x0000000008009f28       0x68 ./Middlewares/Third_Party/FreeRTOS/Source/portable/GCC/ARM_CM4F/port.o
                0x0000000008009f28                pxPortInitialiseStack
 .text.prvTaskExitError
                0x0000000008009f90       0x58 ./Middlewares/Third_Party/FreeRTOS/Source/portable/GCC/ARM_CM4F/port.o
 *fill*         0x0000000008009fe8        0x8 
 .text.SVC_Handler
                0x0000000008009ff0       0x28 ./Middlewares/Third_Party/FreeRTOS/Source/portable/GCC/ARM_CM4F/port.o
                0x0000000008009ff0                SVC_Handler
 .text.prvPortStartFirstTask
                0x000000000800a018       0x28 ./Middlewares/Third_Party/FreeRTOS/Source/portable/GCC/ARM_CM4F/port.o
 .text.xPortStartScheduler
                0x000000000800a040      0x144 ./Middlewares/Third_Party/FreeRTOS/Source/portable/GCC/ARM_CM4F/port.o
                0x000000000800a040                xPortStartScheduler
 .text.vPortEnterCritical
                0x000000000800a184       0x60 ./Middlewares/Third_Party/FreeRTOS/Source/portable/GCC/ARM_CM4F/port.o
                0x000000000800a184                vPortEnterCritical
 .text.vPortExitCritical
                0x000000000800a1e4       0x54 ./Middlewares/Third_Party/FreeRTOS/Source/portable/GCC/ARM_CM4F/port.o
                0x000000000800a1e4                vPortExitCritical
 *fill*         0x000000000800a238        0x8 
 .text.PendSV_Handler
                0x000000000800a240       0x68 ./Middlewares/Third_Party/FreeRTOS/Source/portable/GCC/ARM_CM4F/port.o
                0x000000000800a240                PendSV_Handler
 .text.xPortSysTickHandler
                0x000000000800a2a8       0x44 ./Middlewares/Third_Party/FreeRTOS/Source/portable/GCC/ARM_CM4F/port.o
                0x000000000800a2a8                xPortSysTickHandler
 .text.vPortSetupTimerInterrupt
                0x000000000800a2ec       0x48 ./Middlewares/Third_Party/FreeRTOS/Source/portable/GCC/ARM_CM4F/port.o
                0x000000000800a2ec                vPortSetupTimerInterrupt
 .text.vPortEnableVFP
                0x000000000800a334       0x14 ./Middlewares/Third_Party/FreeRTOS/Source/portable/GCC/ARM_CM4F/port.o
 .text.vPortValidateInterruptPriority
                0x000000000800a348       0x80 ./Middlewares/Third_Party/FreeRTOS/Source/portable/GCC/ARM_CM4F/port.o
                0x000000000800a348                vPortValidateInterruptPriority
 .text.pvPortMalloc
                0x000000000800a3c8      0x198 ./Middlewares/Third_Party/FreeRTOS/Source/portable/MemMang/heap_4.o
                0x000000000800a3c8                pvPortMalloc
 .text.vPortFree
                0x000000000800a560       0xc4 ./Middlewares/Third_Party/FreeRTOS/Source/portable/MemMang/heap_4.o
                0x000000000800a560                vPortFree
 .text.prvHeapInit
                0x000000000800a624       0xc4 ./Middlewares/Third_Party/FreeRTOS/Source/portable/MemMang/heap_4.o
 .text.prvInsertBlockIntoFreeList
                0x000000000800a6e8       0xb4 ./Middlewares/Third_Party/FreeRTOS/Source/portable/MemMang/heap_4.o
 .text.__errno  0x000000000800a79c        0xc c:/program files/stm32cubeide_1.7.0/stm32cubeide/plugins/com.st.stm32cube.ide.mcu.externaltools.gnu-tools-for-stm32.10.3-2021.10.win32_1.0.100.202210260954/tools/bin/../lib/gcc/arm-none-eabi/10.3.1/../../../../arm-none-eabi/lib/thumb/v7e-m+fp/hard\libc_nano.a(lib_a-errno.o)
                0x000000000800a79c                __errno
 .text.__libc_init_array
                0x000000000800a7a8       0x48 c:/program files/stm32cubeide_1.7.0/stm32cubeide/plugins/com.st.stm32cube.ide.mcu.externaltools.gnu-tools-for-stm32.10.3-2021.10.win32_1.0.100.202210260954/tools/bin/../lib/gcc/arm-none-eabi/10.3.1/../../../../arm-none-eabi/lib/thumb/v7e-m+fp/hard\libc_nano.a(lib_a-init.o)
                0x000000000800a7a8                __libc_init_array
 .text.__retarget_lock_acquire_recursive
                0x000000000800a7f0        0x2 c:/program files/stm32cubeide_1.7.0/stm32cubeide/plugins/com.st.stm32cube.ide.mcu.externaltools.gnu-tools-for-stm32.10.3-2021.10.win32_1.0.100.202210260954/tools/bin/../lib/gcc/arm-none-eabi/10.3.1/../../../../arm-none-eabi/lib/thumb/v7e-m+fp/hard\libc_nano.a(lib_a-lock.o)
                0x000000000800a7f0                __retarget_lock_acquire_recursive
 .text.__retarget_lock_release_recursive
                0x000000000800a7f2        0x2 c:/program files/stm32cubeide_1.7.0/stm32cubeide/plugins/com.st.stm32cube.ide.mcu.externaltools.gnu-tools-for-stm32.10.3-2021.10.win32_1.0.100.202210260954/tools/bin/../lib/gcc/arm-none-eabi/10.3.1/../../../../arm-none-eabi/lib/thumb/v7e-m+fp/hard\libc_nano.a(lib_a-lock.o)
                0x000000000800a7f2                __retarget_lock_release_recursive
 .text.memcpy   0x000000000800a7f4       0x1c c:/program files/stm32cubeide_1.7.0/stm32cubeide/plugins/com.st.stm32cube.ide.mcu.externaltools.gnu-tools-for-stm32.10.3-2021.10.win32_1.0.100.202210260954/tools/bin/../lib/gcc/arm-none-eabi/10.3.1/../../../../arm-none-eabi/lib/thumb/v7e-m+fp/hard\libc_nano.a(lib_a-memcpy-stub.o)
                0x000000000800a7f4                memcpy
 .text.memset   0x000000000800a810       0x10 c:/program files/stm32cubeide_1.7.0/stm32cubeide/plugins/com.st.stm32cube.ide.mcu.externaltools.gnu-tools-for-stm32.10.3-2021.10.win32_1.0.100.202210260954/tools/bin/../lib/gcc/arm-none-eabi/10.3.1/../../../../arm-none-eabi/lib/thumb/v7e-m+fp/hard\libc_nano.a(lib_a-memset.o)
                0x000000000800a810                memset
 .text.sbrk_aligned
                0x000000000800a820       0x40 c:/program files/stm32cubeide_1.7.0/stm32cubeide/plugins/com.st.stm32cube.ide.mcu.externaltools.gnu-tools-for-stm32.10.3-2021.10.win32_1.0.100.202210260954/tools/bin/../lib/gcc/arm-none-eabi/10.3.1/../../../../arm-none-eabi/lib/thumb/v7e-m+fp/hard\libc_nano.a(lib_a-nano-mallocr.o)
 .text._malloc_r
                0x000000000800a860       0xe8 c:/program files/stm32cubeide_1.7.0/stm32cubeide/plugins/com.st.stm32cube.ide.mcu.externaltools.gnu-tools-for-stm32.10.3-2021.10.win32_1.0.100.202210260954/tools/bin/../lib/gcc/arm-none-eabi/10.3.1/../../../../arm-none-eabi/lib/thumb/v7e-m+fp/hard\libc_nano.a(lib_a-nano-mallocr.o)
                0x000000000800a860                _malloc_r
 .text.cleanup_glue
                0x000000000800a948       0x1a c:/program files/stm32cubeide_1.7.0/stm32cubeide/plugins/com.st.stm32cube.ide.mcu.externaltools.gnu-tools-for-stm32.10.3-2021.10.win32_1.0.100.202210260954/tools/bin/../lib/gcc/arm-none-eabi/10.3.1/../../../../arm-none-eabi/lib/thumb/v7e-m+fp/hard\libc_nano.a(lib_a-reent.o)
                0x000000000800a948                cleanup_glue
 *fill*         0x000000000800a962        0x2 
 .text._reclaim_reent
                0x000000000800a964       0xb8 c:/program files/stm32cubeide_1.7.0/stm32cubeide/plugins/com.st.stm32cube.ide.mcu.externaltools.gnu-tools-for-stm32.10.3-2021.10.win32_1.0.100.202210260954/tools/bin/../lib/gcc/arm-none-eabi/10.3.1/../../../../arm-none-eabi/lib/thumb/v7e-m+fp/hard\libc_nano.a(lib_a-reent.o)
                0x000000000800a964                _reclaim_reent
 .text._sbrk_r  0x000000000800aa1c       0x20 c:/program files/stm32cubeide_1.7.0/stm32cubeide/plugins/com.st.stm32cube.ide.mcu.externaltools.gnu-tools-for-stm32.10.3-2021.10.win32_1.0.100.202210260954/tools/bin/../lib/gcc/arm-none-eabi/10.3.1/../../../../arm-none-eabi/lib/thumb/v7e-m+fp/hard\libc_nano.a(lib_a-sbrkr.o)
                0x000000000800aa1c                _sbrk_r
 .text._vsnprintf_r
                0x000000000800aa3c       0x56 c:/program files/stm32cubeide_1.7.0/stm32cubeide/plugins/com.st.stm32cube.ide.mcu.externaltools.gnu-tools-for-stm32.10.3-2021.10.win32_1.0.100.202210260954/tools/bin/../lib/gcc/arm-none-eabi/10.3.1/../../../../arm-none-eabi/lib/thumb/v7e-m+fp/hard\libc_nano.a(lib_a-vsnprintf.o)
                0x000000000800aa3c                _vsniprintf_r
                0x000000000800aa3c                _vsnprintf_r
 *fill*         0x000000000800aa92        0x2 
 .text.vsnprintf
                0x000000000800aa94       0x1c c:/program files/stm32cubeide_1.7.0/stm32cubeide/plugins/com.st.stm32cube.ide.mcu.externaltools.gnu-tools-for-stm32.10.3-2021.10.win32_1.0.100.202210260954/tools/bin/../lib/gcc/arm-none-eabi/10.3.1/../../../../arm-none-eabi/lib/thumb/v7e-m+fp/hard\libc_nano.a(lib_a-vsnprintf.o)
                0x000000000800aa94                vsniprintf
                0x000000000800aa94                vsnprintf
 .text.__malloc_lock
                0x000000000800aab0        0xc c:/program files/stm32cubeide_1.7.0/stm32cubeide/plugins/com.st.stm32cube.ide.mcu.externaltools.gnu-tools-for-stm32.10.3-2021.10.win32_1.0.100.202210260954/tools/bin/../lib/gcc/arm-none-eabi/10.3.1/../../../../arm-none-eabi/lib/thumb/v7e-m+fp/hard\libc_nano.a(lib_a-mlock.o)
                0x000000000800aab0                __malloc_lock
 .text.__malloc_unlock
                0x000000000800aabc        0xc c:/program files/stm32cubeide_1.7.0/stm32cubeide/plugins/com.st.stm32cube.ide.mcu.externaltools.gnu-tools-for-stm32.10.3-2021.10.win32_1.0.100.202210260954/tools/bin/../lib/gcc/arm-none-eabi/10.3.1/../../../../arm-none-eabi/lib/thumb/v7e-m+fp/hard\libc_nano.a(lib_a-mlock.o)
                0x000000000800aabc                __malloc_unlock
 .text._free_r  0x000000000800aac8       0x98 c:/program files/stm32cubeide_1.7.0/stm32cubeide/plugins/com.st.stm32cube.ide.mcu.externaltools.gnu-tools-for-stm32.10.3-2021.10.win32_1.0.100.202210260954/tools/bin/../lib/gcc/arm-none-eabi/10.3.1/../../../../arm-none-eabi/lib/thumb/v7e-m+fp/hard\libc_nano.a(lib_a-nano-freer.o)
                0x000000000800aac8                _free_r
 .text.__ssputs_r
                0x000000000800ab60       0xb6 c:/program files/stm32cubeide_1.7.0/stm32cubeide/plugins/com.st.stm32cube.ide.mcu.externaltools.gnu-tools-for-stm32.10.3-2021.10.win32_1.0.100.202210260954/tools/bin/../lib/gcc/arm-none-eabi/10.3.1/../../../../arm-none-eabi/lib/thumb/v7e-m+fp/hard\libc_nano.a(lib_a-nano-svfprintf.o)
                0x000000000800ab60                __ssputs_r
 *fill*         0x000000000800ac16        0x2 
 .text._svfprintf_r
                0x000000000800ac18      0x200 c:/program files/stm32cubeide_1.7.0/stm32cubeide/plugins/com.st.stm32cube.ide.mcu.externaltools.gnu-tools-for-stm32.10.3-2021.10.win32_1.0.100.202210260954/tools/bin/../lib/gcc/arm-none-eabi/10.3.1/../../../../arm-none-eabi/lib/thumb/v7e-m+fp/hard\libc_nano.a(lib_a-nano-svfprintf.o)
                0x000000000800ac18                _svfiprintf_r
                0x000000000800ac18                _svfprintf_r
 .text._printf_common
                0x000000000800ae18       0xda c:/program files/stm32cubeide_1.7.0/stm32cubeide/plugins/com.st.stm32cube.ide.mcu.externaltools.gnu-tools-for-stm32.10.3-2021.10.win32_1.0.100.202210260954/tools/bin/../lib/gcc/arm-none-eabi/10.3.1/../../../../arm-none-eabi/lib/thumb/v7e-m+fp/hard\libc_nano.a(lib_a-nano-vfprintf_i.o)
                0x000000000800ae18                _printf_common
 *fill*         0x000000000800aef2        0x2 
 .text._printf_i
                0x000000000800aef4      0x24c c:/program files/stm32cubeide_1.7.0/stm32cubeide/plugins/com.st.stm32cube.ide.mcu.externaltools.gnu-tools-for-stm32.10.3-2021.10.win32_1.0.100.202210260954/tools/bin/../lib/gcc/arm-none-eabi/10.3.1/../../../../arm-none-eabi/lib/thumb/v7e-m+fp/hard\libc_nano.a(lib_a-nano-vfprintf_i.o)
                0x000000000800aef4                _printf_i
 .text.memmove  0x000000000800b140       0x34 c:/program files/stm32cubeide_1.7.0/stm32cubeide/plugins/com.st.stm32cube.ide.mcu.externaltools.gnu-tools-for-stm32.10.3-2021.10.win32_1.0.100.202210260954/tools/bin/../lib/gcc/arm-none-eabi/10.3.1/../../../../arm-none-eabi/lib/thumb/v7e-m+fp/hard\libc_nano.a(lib_a-memmove.o)
                0x000000000800b140                memmove
 .text._realloc_r
                0x000000000800b174       0x5e c:/program files/stm32cubeide_1.7.0/stm32cubeide/plugins/com.st.stm32cube.ide.mcu.externaltools.gnu-tools-for-stm32.10.3-2021.10.win32_1.0.100.202210260954/tools/bin/../lib/gcc/arm-none-eabi/10.3.1/../../../../arm-none-eabi/lib/thumb/v7e-m+fp/hard\libc_nano.a(lib_a-nano-reallocr.o)
                0x000000000800b174                _realloc_r
 .text._malloc_usable_size_r
                0x000000000800b1d2       0x10 c:/program files/stm32cubeide_1.7.0/stm32cubeide/plugins/com.st.stm32cube.ide.mcu.externaltools.gnu-tools-for-stm32.10.3-2021.10.win32_1.0.100.202210260954/tools/bin/../lib/gcc/arm-none-eabi/10.3.1/../../../../arm-none-eabi/lib/thumb/v7e-m+fp/hard\libc_nano.a(lib_a-nano-msizer.o)
                0x000000000800b1d2                _malloc_usable_size_r
 *(.glue_7)
 .glue_7        0x000000000800b1e2        0x0 linker stubs
 *(.glue_7t)
 .glue_7t       0x000000000800b1e2        0x0 linker stubs
 *(.eh_frame)
 *fill*         0x000000000800b1e2        0x2 
 .eh_frame      0x000000000800b1e4        0x0 c:/program files/stm32cubeide_1.7.0/stm32cubeide/plugins/com.st.stm32cube.ide.mcu.externaltools.gnu-tools-for-stm32.10.3-2021.10.win32_1.0.100.202210260954/tools/bin/../lib/gcc/arm-none-eabi/10.3.1/thumb/v7e-m+fp/hard/crtbegin.o
 *(.init)
 .init          0x000000000800b1e4        0x4 c:/program files/stm32cubeide_1.7.0/stm32cubeide/plugins/com.st.stm32cube.ide.mcu.externaltools.gnu-tools-for-stm32.10.3-2021.10.win32_1.0.100.202210260954/tools/bin/../lib/gcc/arm-none-eabi/10.3.1/thumb/v7e-m+fp/hard/crti.o
                0x000000000800b1e4                _init
 .init          0x000000000800b1e8        0x8 c:/program files/stm32cubeide_1.7.0/stm32cubeide/plugins/com.st.stm32cube.ide.mcu.externaltools.gnu-tools-for-stm32.10.3-2021.10.win32_1.0.100.202210260954/tools/bin/../lib/gcc/arm-none-eabi/10.3.1/thumb/v7e-m+fp/hard/crtn.o
 *(.fini)
 .fini          0x000000000800b1f0        0x4 c:/program files/stm32cubeide_1.7.0/stm32cubeide/plugins/com.st.stm32cube.ide.mcu.externaltools.gnu-tools-for-stm32.10.3-2021.10.win32_1.0.100.202210260954/tools/bin/../lib/gcc/arm-none-eabi/10.3.1/thumb/v7e-m+fp/hard/crti.o
                0x000000000800b1f0                _fini
 .fini          0x000000000800b1f4        0x8 c:/program files/stm32cubeide_1.7.0/stm32cubeide/plugins/com.st.stm32cube.ide.mcu.externaltools.gnu-tools-for-stm32.10.3-2021.10.win32_1.0.100.202210260954/tools/bin/../lib/gcc/arm-none-eabi/10.3.1/thumb/v7e-m+fp/hard/crtn.o
                0x000000000800b1fc                . = ALIGN (0x4)
                0x000000000800b1fc                _etext = .

.vfp11_veneer   0x000000000800b1fc        0x0
 .vfp11_veneer  0x000000000800b1fc        0x0 linker stubs

.v4_bx          0x000000000800b1fc        0x0
 .v4_bx         0x000000000800b1fc        0x0 linker stubs

.iplt           0x000000000800b1fc        0x0
 .iplt          0x000000000800b1fc        0x0 c:/program files/stm32cubeide_1.7.0/stm32cubeide/plugins/com.st.stm32cube.ide.mcu.externaltools.gnu-tools-for-stm32.10.3-2021.10.win32_1.0.100.202210260954/tools/bin/../lib/gcc/arm-none-eabi/10.3.1/thumb/v7e-m+fp/hard/crtbegin.o

.rodata         0x000000000800b1fc      0x184
                0x000000000800b1fc                . = ALIGN (0x4)
 *(.rodata)
 .rodata        0x000000000800b1fc        0xc ./Core/Src/freertos.o
 .rodata        0x000000000800b208       0x33 ./Core/application/BuzzerTask.o
 *fill*         0x000000000800b23b        0x1 
 .rodata        0x000000000800b23c        0xa ./Core/application/DefTask.o
 *fill*         0x000000000800b246        0x2 
 .rodata        0x000000000800b248        0x5 ./Middlewares/Third_Party/FreeRTOS/Source/tasks.o
 *fill*         0x000000000800b24d        0x3 
 .rodata        0x000000000800b250        0xd ./Middlewares/Third_Party/FreeRTOS/Source/timers.o
 *(.rodata*)
 *fill*         0x000000000800b25d        0x3 
 .rodata.defaultTask_attributes
                0x000000000800b260       0x24 ./Core/Src/freertos.o
                0x000000000800b260                defaultTask_attributes
 .rodata.AHBPrescTable
                0x000000000800b284       0x10 ./Core/Src/system_stm32f4xx.o
                0x000000000800b284                AHBPrescTable
 .rodata.APBPrescTable
                0x000000000800b294        0x8 ./Core/Src/system_stm32f4xx.o
                0x000000000800b294                APBPrescTable
 .rodata.Buzzer_Task_attributes
                0x000000000800b29c       0x24 ./Core/application/BuzzerTask.o
                0x000000000800b29c                Buzzer_Task_attributes
 .rodata.timerTask_attributes
                0x000000000800b2c0       0x24 ./Core/application/DefTask.o
                0x000000000800b2c0                timerTask_attributes
 .rodata.flagBitshiftOffset.0
                0x000000000800b2e4        0x8 ./Drivers/STM32F4xx_HAL_Driver/Src/stm32f4xx_hal_dma.o
 .rodata.__sf_fake_stderr
                0x000000000800b2ec       0x20 c:/program files/stm32cubeide_1.7.0/stm32cubeide/plugins/com.st.stm32cube.ide.mcu.externaltools.gnu-tools-for-stm32.10.3-2021.10.win32_1.0.100.202210260954/tools/bin/../lib/gcc/arm-none-eabi/10.3.1/../../../../arm-none-eabi/lib/thumb/v7e-m+fp/hard\libc_nano.a(lib_a-findfp.o)
                0x000000000800b2ec                __sf_fake_stderr
 .rodata.__sf_fake_stdin
                0x000000000800b30c       0x20 c:/program files/stm32cubeide_1.7.0/stm32cubeide/plugins/com.st.stm32cube.ide.mcu.externaltools.gnu-tools-for-stm32.10.3-2021.10.win32_1.0.100.202210260954/tools/bin/../lib/gcc/arm-none-eabi/10.3.1/../../../../arm-none-eabi/lib/thumb/v7e-m+fp/hard\libc_nano.a(lib_a-findfp.o)
                0x000000000800b30c                __sf_fake_stdin
 .rodata.__sf_fake_stdout
                0x000000000800b32c       0x20 c:/program files/stm32cubeide_1.7.0/stm32cubeide/plugins/com.st.stm32cube.ide.mcu.externaltools.gnu-tools-for-stm32.10.3-2021.10.win32_1.0.100.202210260954/tools/bin/../lib/gcc/arm-none-eabi/10.3.1/../../../../arm-none-eabi/lib/thumb/v7e-m+fp/hard\libc_nano.a(lib_a-findfp.o)
                0x000000000800b32c                __sf_fake_stdout
 .rodata._svfprintf_r.str1.1
                0x000000000800b34c       0x11 c:/program files/stm32cubeide_1.7.0/stm32cubeide/plugins/com.st.stm32cube.ide.mcu.externaltools.gnu-tools-for-stm32.10.3-2021.10.win32_1.0.100.202210260954/tools/bin/../lib/gcc/arm-none-eabi/10.3.1/../../../../arm-none-eabi/lib/thumb/v7e-m+fp/hard\libc_nano.a(lib_a-nano-svfprintf.o)
 .rodata._printf_i.str1.1
                0x000000000800b35d       0x22 c:/program files/stm32cubeide_1.7.0/stm32cubeide/plugins/com.st.stm32cube.ide.mcu.externaltools.gnu-tools-for-stm32.10.3-2021.10.win32_1.0.100.202210260954/tools/bin/../lib/gcc/arm-none-eabi/10.3.1/../../../../arm-none-eabi/lib/thumb/v7e-m+fp/hard\libc_nano.a(lib_a-nano-vfprintf_i.o)
                0x000000000800b380                . = ALIGN (0x4)
 *fill*         0x000000000800b37f        0x1 

.ARM.extab      0x000000000800b380        0x0
                0x000000000800b380                . = ALIGN (0x4)
 *(.ARM.extab* .gnu.linkonce.armextab.*)
                0x000000000800b380                . = ALIGN (0x4)

.ARM            0x000000000800b380        0x8
                0x000000000800b380                . = ALIGN (0x4)
                0x000000000800b380                __exidx_start = .
 *(.ARM.exidx*)
 .ARM.exidx     0x000000000800b380        0x8 c:/program files/stm32cubeide_1.7.0/stm32cubeide/plugins/com.st.stm32cube.ide.mcu.externaltools.gnu-tools-for-stm32.10.3-2021.10.win32_1.0.100.202210260954/tools/bin/../lib/gcc/arm-none-eabi/10.3.1/thumb/v7e-m+fp/hard\libgcc.a(_udivmoddi4.o)
                0x000000000800b388                __exidx_end = .
                0x000000000800b388                . = ALIGN (0x4)

.rel.dyn        0x000000000800b388        0x0
 .rel.iplt      0x000000000800b388        0x0 c:/program files/stm32cubeide_1.7.0/stm32cubeide/plugins/com.st.stm32cube.ide.mcu.externaltools.gnu-tools-for-stm32.10.3-2021.10.win32_1.0.100.202210260954/tools/bin/../lib/gcc/arm-none-eabi/10.3.1/thumb/v7e-m+fp/hard/crtbegin.o

.preinit_array  0x000000000800b388        0x0
                0x000000000800b388                . = ALIGN (0x4)
                0x000000000800b388                PROVIDE (__preinit_array_start = .)
 *(.preinit_array*)
                0x000000000800b388                PROVIDE (__preinit_array_end = .)
                0x000000000800b388                . = ALIGN (0x4)

.init_array     0x000000000800b388        0x4
                0x000000000800b388                . = ALIGN (0x4)
                0x000000000800b388                PROVIDE (__init_array_start = .)
 *(SORT_BY_NAME(.init_array.*))
 *(.init_array*)
 .init_array    0x000000000800b388        0x4 c:/program files/stm32cubeide_1.7.0/stm32cubeide/plugins/com.st.stm32cube.ide.mcu.externaltools.gnu-tools-for-stm32.10.3-2021.10.win32_1.0.100.202210260954/tools/bin/../lib/gcc/arm-none-eabi/10.3.1/thumb/v7e-m+fp/hard/crtbegin.o
                0x000000000800b38c                PROVIDE (__init_array_end = .)
                0x000000000800b38c                . = ALIGN (0x4)

.fini_array     0x000000000800b38c        0x4
                0x000000000800b38c                . = ALIGN (0x4)
                [!provide]                        PROVIDE (__fini_array_start = .)
 *(SORT_BY_NAME(.fini_array.*))
 *(.fini_array*)
 .fini_array    0x000000000800b38c        0x4 c:/program files/stm32cubeide_1.7.0/stm32cubeide/plugins/com.st.stm32cube.ide.mcu.externaltools.gnu-tools-for-stm32.10.3-2021.10.win32_1.0.100.202210260954/tools/bin/../lib/gcc/arm-none-eabi/10.3.1/thumb/v7e-m+fp/hard/crtbegin.o
                [!provide]                        PROVIDE (__fini_array_end = .)
                0x000000000800b390                . = ALIGN (0x4)
                0x000000000800b390                _sidata = LOADADDR (.data)

.data           0x0000000020000000       0x78 load address 0x000000000800b390
                0x0000000020000000                . = ALIGN (0x4)
                0x0000000020000000                _sdata = .
 *(.data)
 *(.data*)
 .data.SystemCoreClock
                0x0000000020000000        0x4 ./Core/Src/system_stm32f4xx.o
                0x0000000020000000                SystemCoreClock
 .data.uart_handle_p
                0x0000000020000004        0x4 ./Core/application/print_server.o
                0x0000000020000004                uart_handle_p
 .data.uwTickPrio
                0x0000000020000008        0x4 ./Drivers/STM32F4xx_HAL_Driver/Src/stm32f4xx_hal.o
                0x0000000020000008                uwTickPrio
 .data.uwTickFreq
                0x000000002000000c        0x1 ./Drivers/STM32F4xx_HAL_Driver/Src/stm32f4xx_hal.o
                0x000000002000000c                uwTickFreq
 *fill*         0x000000002000000d        0x3 
 .data.uxCriticalNesting
                0x0000000020000010        0x4 ./Middlewares/Third_Party/FreeRTOS/Source/portable/GCC/ARM_CM4F/port.o
 .data._impure_ptr
                0x0000000020000014        0x4 c:/program files/stm32cubeide_1.7.0/stm32cubeide/plugins/com.st.stm32cube.ide.mcu.externaltools.gnu-tools-for-stm32.10.3-2021.10.win32_1.0.100.202210260954/tools/bin/../lib/gcc/arm-none-eabi/10.3.1/../../../../arm-none-eabi/lib/thumb/v7e-m+fp/hard\libc_nano.a(lib_a-impure.o)
                0x0000000020000014                _impure_ptr
 .data.impure_data
                0x0000000020000018       0x60 c:/program files/stm32cubeide_1.7.0/stm32cubeide/plugins/com.st.stm32cube.ide.mcu.externaltools.gnu-tools-for-stm32.10.3-2021.10.win32_1.0.100.202210260954/tools/bin/../lib/gcc/arm-none-eabi/10.3.1/../../../../arm-none-eabi/lib/thumb/v7e-m+fp/hard\libc_nano.a(lib_a-impure.o)
 *(.RamFunc)
 *(.RamFunc*)
                0x0000000020000078                . = ALIGN (0x4)
                0x0000000020000078                _edata = .

.igot.plt       0x0000000020000078        0x0 load address 0x000000000800b408
 .igot.plt      0x0000000020000078        0x0 c:/program files/stm32cubeide_1.7.0/stm32cubeide/plugins/com.st.stm32cube.ide.mcu.externaltools.gnu-tools-for-stm32.10.3-2021.10.win32_1.0.100.202210260954/tools/bin/../lib/gcc/arm-none-eabi/10.3.1/thumb/v7e-m+fp/hard/crtbegin.o
                0x0000000020000078                . = ALIGN (0x4)

.bss            0x0000000020000078     0xafa4 load address 0x000000000800b408
                0x0000000020000078                _sbss = .
                0x0000000020000078                __bss_start__ = _sbss
 *(.bss)
 .bss           0x0000000020000078       0x1c c:/program files/stm32cubeide_1.7.0/stm32cubeide/plugins/com.st.stm32cube.ide.mcu.externaltools.gnu-tools-for-stm32.10.3-2021.10.win32_1.0.100.202210260954/tools/bin/../lib/gcc/arm-none-eabi/10.3.1/thumb/v7e-m+fp/hard/crtbegin.o
 *(.bss*)
 .bss.defaultTaskHandle
                0x0000000020000094        0x4 ./Core/Src/freertos.o
                0x0000000020000094                defaultTaskHandle
 .bss.captured_value1
                0x0000000020000098        0x4 ./Core/Src/main.o
                0x0000000020000098                captured_value1
 .bss.hardwareDelayFlag
                0x000000002000009c        0x4 ./Core/Src/main.o
                0x000000002000009c                hardwareDelayFlag
 .bss.htim7     0x00000000200000a0       0x48 ./Core/Src/stm32f4xx_hal_timebase_tim.o
                0x00000000200000a0                htim7
 .bss.__sbrk_heap_end
                0x00000000200000e8        0x4 ./Core/Src/sysmem.o
 .bss.htim1     0x00000000200000ec       0x48 ./Core/Src/tim.o
                0x00000000200000ec                htim1
 .bss.htim2     0x0000000020000134       0x48 ./Core/Src/tim.o
                0x0000000020000134                htim2
 .bss.htim4     0x000000002000017c       0x48 ./Core/Src/tim.o
                0x000000002000017c                htim4
 .bss.htim5     0x00000000200001c4       0x48 ./Core/Src/tim.o
                0x00000000200001c4                htim5
 .bss.huart2    0x000000002000020c       0x44 ./Core/Src/usart.o
                0x000000002000020c                huart2
 .bss.hdma_usart2_tx
                0x0000000020000250       0x60 ./Core/Src/usart.o
                0x0000000020000250                hdma_usart2_tx
 .bss.Buzzer_TaskHandle
                0x00000000200002b0        0x4 ./Core/application/BuzzerTask.o
                0x00000000200002b0                Buzzer_TaskHandle
 .bss.timerTaskHandle
                0x00000000200002b4        0x4 ./Core/application/DefTask.o
                0x00000000200002b4                timerTaskHandle
 .bss.PrintMsgQ
                0x00000000200002b8        0x4 ./Core/application/print_server.o
 .bss.PrintThread
                0x00000000200002bc        0x4 ./Core/application/print_server.o
                0x00000000200002bc                PrintThread
 .bss.PrintPool
                0x00000000200002c0        0x4 ./Core/application/print_server.o
                0x00000000200002c0                PrintPool
 .bss.Printflag
                0x00000000200002c4        0x4 ./Core/application/print_server.o
                0x00000000200002c4                Printflag
 .bss.uwTick    0x00000000200002c8        0x4 ./Drivers/STM32F4xx_HAL_Driver/Src/stm32f4xx_hal.o
                0x00000000200002c8                uwTick
 .bss.KernelState
                0x00000000200002cc        0x4 ./Middlewares/Third_Party/FreeRTOS/Source/CMSIS_RTOS_V2/cmsis_os2.o
 .bss.Idle_TCB.3
                0x00000000200002d0       0xbc ./Middlewares/Third_Party/FreeRTOS/Source/CMSIS_RTOS_V2/cmsis_os2.o
 .bss.Idle_Stack.2
                0x000000002000038c     0x1000 ./Middlewares/Third_Party/FreeRTOS/Source/CMSIS_RTOS_V2/cmsis_os2.o
 .bss.Timer_TCB.1
                0x000000002000138c       0xbc ./Middlewares/Third_Party/FreeRTOS/Source/CMSIS_RTOS_V2/cmsis_os2.o
 .bss.Timer_Stack.0
                0x0000000020001448     0x2000 ./Middlewares/Third_Party/FreeRTOS/Source/CMSIS_RTOS_V2/cmsis_os2.o
 .bss.xQueueRegistry
                0x0000000020003448       0x40 ./Middlewares/Third_Party/FreeRTOS/Source/queue.o
                0x0000000020003448                xQueueRegistry
 .bss.pxCurrentTCB
                0x0000000020003488        0x4 ./Middlewares/Third_Party/FreeRTOS/Source/tasks.o
                0x0000000020003488                pxCurrentTCB
 .bss.pxReadyTasksLists
                0x000000002000348c      0x460 ./Middlewares/Third_Party/FreeRTOS/Source/tasks.o
 .bss.xDelayedTaskList1
                0x00000000200038ec       0x14 ./Middlewares/Third_Party/FreeRTOS/Source/tasks.o
 .bss.xDelayedTaskList2
                0x0000000020003900       0x14 ./Middlewares/Third_Party/FreeRTOS/Source/tasks.o
 .bss.pxDelayedTaskList
                0x0000000020003914        0x4 ./Middlewares/Third_Party/FreeRTOS/Source/tasks.o
 .bss.pxOverflowDelayedTaskList
                0x0000000020003918        0x4 ./Middlewares/Third_Party/FreeRTOS/Source/tasks.o
 .bss.xPendingReadyList
                0x000000002000391c       0x14 ./Middlewares/Third_Party/FreeRTOS/Source/tasks.o
 .bss.xTasksWaitingTermination
                0x0000000020003930       0x14 ./Middlewares/Third_Party/FreeRTOS/Source/tasks.o
 .bss.uxDeletedTasksWaitingCleanUp
                0x0000000020003944        0x4 ./Middlewares/Third_Party/FreeRTOS/Source/tasks.o
 .bss.xSuspendedTaskList
                0x0000000020003948       0x14 ./Middlewares/Third_Party/FreeRTOS/Source/tasks.o
 .bss.uxCurrentNumberOfTasks
                0x000000002000395c        0x4 ./Middlewares/Third_Party/FreeRTOS/Source/tasks.o
 .bss.xTickCount
                0x0000000020003960        0x4 ./Middlewares/Third_Party/FreeRTOS/Source/tasks.o
 .bss.uxTopReadyPriority
                0x0000000020003964        0x4 ./Middlewares/Third_Party/FreeRTOS/Source/tasks.o
 .bss.xSchedulerRunning
                0x0000000020003968        0x4 ./Middlewares/Third_Party/FreeRTOS/Source/tasks.o
 .bss.xPendedTicks
                0x000000002000396c        0x4 ./Middlewares/Third_Party/FreeRTOS/Source/tasks.o
 .bss.xYieldPending
                0x0000000020003970        0x4 ./Middlewares/Third_Party/FreeRTOS/Source/tasks.o
 .bss.xNumOfOverflows
                0x0000000020003974        0x4 ./Middlewares/Third_Party/FreeRTOS/Source/tasks.o
 .bss.uxTaskNumber
                0x0000000020003978        0x4 ./Middlewares/Third_Party/FreeRTOS/Source/tasks.o
 .bss.xNextTaskUnblockTime
                0x000000002000397c        0x4 ./Middlewares/Third_Party/FreeRTOS/Source/tasks.o
 .bss.xIdleTaskHandle
                0x0000000020003980        0x4 ./Middlewares/Third_Party/FreeRTOS/Source/tasks.o
 .bss.uxSchedulerSuspended
                0x0000000020003984        0x4 ./Middlewares/Third_Party/FreeRTOS/Source/tasks.o
 .bss.xActiveTimerList1
                0x0000000020003988       0x14 ./Middlewares/Third_Party/FreeRTOS/Source/timers.o
 .bss.xActiveTimerList2
                0x000000002000399c       0x14 ./Middlewares/Third_Party/FreeRTOS/Source/timers.o
 .bss.pxCurrentTimerList
                0x00000000200039b0        0x4 ./Middlewares/Third_Party/FreeRTOS/Source/timers.o
 .bss.pxOverflowTimerList
                0x00000000200039b4        0x4 ./Middlewares/Third_Party/FreeRTOS/Source/timers.o
 .bss.xTimerQueue
                0x00000000200039b8        0x4 ./Middlewares/Third_Party/FreeRTOS/Source/timers.o
 .bss.xTimerTaskHandle
                0x00000000200039bc        0x4 ./Middlewares/Third_Party/FreeRTOS/Source/timers.o
 .bss.xLastTime.2
                0x00000000200039c0        0x4 ./Middlewares/Third_Party/FreeRTOS/Source/timers.o
 .bss.ucStaticTimerQueueStorage.1
                0x00000000200039c4       0xa0 ./Middlewares/Third_Party/FreeRTOS/Source/timers.o
 .bss.xStaticTimerQueue.0
                0x0000000020003a64       0x50 ./Middlewares/Third_Party/FreeRTOS/Source/timers.o
 .bss.ucMaxSysCallPriority
                0x0000000020003ab4        0x1 ./Middlewares/Third_Party/FreeRTOS/Source/portable/GCC/ARM_CM4F/port.o
 *fill*         0x0000000020003ab5        0x3 
 .bss.ulMaxPRIGROUPValue
                0x0000000020003ab8        0x4 ./Middlewares/Third_Party/FreeRTOS/Source/portable/GCC/ARM_CM4F/port.o
 .bss.ucHeap    0x0000000020003abc     0x7530 ./Middlewares/Third_Party/FreeRTOS/Source/portable/MemMang/heap_4.o
 .bss.xStart    0x000000002000afec        0x8 ./Middlewares/Third_Party/FreeRTOS/Source/portable/MemMang/heap_4.o
 .bss.pxEnd     0x000000002000aff4        0x4 ./Middlewares/Third_Party/FreeRTOS/Source/portable/MemMang/heap_4.o
 .bss.xFreeBytesRemaining
                0x000000002000aff8        0x4 ./Middlewares/Third_Party/FreeRTOS/Source/portable/MemMang/heap_4.o
 .bss.xMinimumEverFreeBytesRemaining
                0x000000002000affc        0x4 ./Middlewares/Third_Party/FreeRTOS/Source/portable/MemMang/heap_4.o
 .bss.xNumberOfSuccessfulAllocations
                0x000000002000b000        0x4 ./Middlewares/Third_Party/FreeRTOS/Source/portable/MemMang/heap_4.o
 .bss.xNumberOfSuccessfulFrees
                0x000000002000b004        0x4 ./Middlewares/Third_Party/FreeRTOS/Source/portable/MemMang/heap_4.o
 .bss.xBlockAllocatedBit
                0x000000002000b008        0x4 ./Middlewares/Third_Party/FreeRTOS/Source/portable/MemMang/heap_4.o
 .bss.__lock___malloc_recursive_mutex
                0x000000002000b00c        0x1 c:/program files/stm32cubeide_1.7.0/stm32cubeide/plugins/com.st.stm32cube.ide.mcu.externaltools.gnu-tools-for-stm32.10.3-2021.10.win32_1.0.100.202210260954/tools/bin/../lib/gcc/arm-none-eabi/10.3.1/../../../../arm-none-eabi/lib/thumb/v7e-m+fp/hard\libc_nano.a(lib_a-lock.o)
                0x000000002000b00c                __lock___malloc_recursive_mutex
 *fill*         0x000000002000b00d        0x3 
 .bss.__malloc_free_list
                0x000000002000b010        0x4 c:/program files/stm32cubeide_1.7.0/stm32cubeide/plugins/com.st.stm32cube.ide.mcu.externaltools.gnu-tools-for-stm32.10.3-2021.10.win32_1.0.100.202210260954/tools/bin/../lib/gcc/arm-none-eabi/10.3.1/../../../../arm-none-eabi/lib/thumb/v7e-m+fp/hard\libc_nano.a(lib_a-nano-mallocr.o)
                0x000000002000b010                __malloc_free_list
 .bss.__malloc_sbrk_start
                0x000000002000b014        0x4 c:/program files/stm32cubeide_1.7.0/stm32cubeide/plugins/com.st.stm32cube.ide.mcu.externaltools.gnu-tools-for-stm32.10.3-2021.10.win32_1.0.100.202210260954/tools/bin/../lib/gcc/arm-none-eabi/10.3.1/../../../../arm-none-eabi/lib/thumb/v7e-m+fp/hard\libc_nano.a(lib_a-nano-mallocr.o)
                0x000000002000b014                __malloc_sbrk_start
 .bss.errno     0x000000002000b018        0x4 c:/program files/stm32cubeide_1.7.0/stm32cubeide/plugins/com.st.stm32cube.ide.mcu.externaltools.gnu-tools-for-stm32.10.3-2021.10.win32_1.0.100.202210260954/tools/bin/../lib/gcc/arm-none-eabi/10.3.1/../../../../arm-none-eabi/lib/thumb/v7e-m+fp/hard\libc_nano.a(lib_a-reent.o)
                0x000000002000b018                errno
 *(COMMON)
                0x000000002000b01c                . = ALIGN (0x4)
                0x000000002000b01c                _ebss = .
                0x000000002000b01c                __bss_end__ = _ebss

._user_heap_stack
                0x000000002000b01c      0x604 load address 0x000000000800b408
                0x000000002000b020                . = ALIGN (0x8)
 *fill*         0x000000002000b01c        0x4 
                [!provide]                        PROVIDE (end = .)
                0x000000002000b020                PROVIDE (_end = .)
                0x000000002000b220                . = (. + _Min_Heap_Size)
 *fill*         0x000000002000b020      0x200 
                0x000000002000b620                . = (. + _Min_Stack_Size)
 *fill*         0x000000002000b220      0x400 
                0x000000002000b620                . = ALIGN (0x8)

/DISCARD/
 libc.a(*)
 libm.a(*)
 libgcc.a(*)

.ARM.attributes
                0x0000000000000000       0x30
 *(.ARM.attributes)
 .ARM.attributes
                0x0000000000000000       0x1e c:/program files/stm32cubeide_1.7.0/stm32cubeide/plugins/com.st.stm32cube.ide.mcu.externaltools.gnu-tools-for-stm32.10.3-2021.10.win32_1.0.100.202210260954/tools/bin/../lib/gcc/arm-none-eabi/10.3.1/thumb/v7e-m+fp/hard/crti.o
 .ARM.attributes
                0x000000000000001e       0x34 c:/program files/stm32cubeide_1.7.0/stm32cubeide/plugins/com.st.stm32cube.ide.mcu.externaltools.gnu-tools-for-stm32.10.3-2021.10.win32_1.0.100.202210260954/tools/bin/../lib/gcc/arm-none-eabi/10.3.1/thumb/v7e-m+fp/hard/crtbegin.o
 .ARM.attributes
                0x0000000000000052       0x34 ./Core/Src/dma.o
 .ARM.attributes
                0x0000000000000086       0x34 ./Core/Src/freertos.o
 .ARM.attributes
                0x00000000000000ba       0x34 ./Core/Src/gpio.o
 .ARM.attributes
                0x00000000000000ee       0x34 ./Core/Src/main.o
 .ARM.attributes
                0x0000000000000122       0x34 ./Core/Src/stm32f4xx_hal_msp.o
 .ARM.attributes
                0x0000000000000156       0x34 ./Core/Src/stm32f4xx_hal_timebase_tim.o
 .ARM.attributes
                0x000000000000018a       0x34 ./Core/Src/stm32f4xx_it.o
 .ARM.attributes
                0x00000000000001be       0x34 ./Core/Src/sysmem.o
 .ARM.attributes
                0x00000000000001f2       0x34 ./Core/Src/system_stm32f4xx.o
 .ARM.attributes
                0x0000000000000226       0x34 ./Core/Src/tim.o
 .ARM.attributes
                0x000000000000025a       0x34 ./Core/Src/usart.o
 .ARM.attributes
                0x000000000000028e       0x21 ./Core/Startup/startup_stm32f446retx.o
 .ARM.attributes
                0x00000000000002af       0x34 ./Core/application/BuzzerTask.o
 .ARM.attributes
                0x00000000000002e3       0x34 ./Core/application/DefTask.o
 .ARM.attributes
                0x0000000000000317       0x34 ./Core/application/print_server.o
 .ARM.attributes
                0x000000000000034b       0x34 ./Drivers/STM32F4xx_HAL_Driver/Src/stm32f4xx_hal.o
 .ARM.attributes
                0x000000000000037f       0x34 ./Drivers/STM32F4xx_HAL_Driver/Src/stm32f4xx_hal_cortex.o
 .ARM.attributes
                0x00000000000003b3       0x34 ./Drivers/STM32F4xx_HAL_Driver/Src/stm32f4xx_hal_dma.o
 .ARM.attributes